Archive member included to satisfy reference by file (symbol)

/home/school/arm-gnu-toolchain-15.2.rel1-x86_64-arm-none-eabi/bin/../lib/gcc/arm-none-eabi/15.2.1/../../../../arm-none-eabi/lib/thumb/v8-m.main/nofp/libc_nano.a(libc_a-exit.o)
                              /home/school/arm-gnu-toolchain-15.2.rel1-x86_64-arm-none-eabi/bin/../lib/gcc/arm-none-eabi/15.2.1/../../../../arm-none-eabi/lib/thumb/v8-m.main/nofp/crt0.o (exit)
/home/school/arm-gnu-toolchain-15.2.rel1-x86_64-arm-none-eabi/bin/../lib/gcc/arm-none-eabi/15.2.1/../../../../arm-none-eabi/lib/thumb/v8-m.main/nofp/libc_nano.a(libc_a-findfp.o)
                              /home/school/arm-gnu-toolchain-15.2.rel1-x86_64-arm-none-eabi/bin/../lib/gcc/arm-none-eabi/15.2.1/../../../../arm-none-eabi/lib/thumb/v8-m.main/nofp/libc_nano.a(libc_a-exit.o) (__stdio_exit_handler)
/home/school/arm-gnu-toolchain-15.2.rel1-x86_64-arm-none-eabi/bin/../lib/gcc/arm-none-eabi/15.2.1/../../../../arm-none-eabi/lib/thumb/v8-m.main/nofp/libc_nano.a(libc_a-fwalk.o)
                              /home/school/arm-gnu-toolchain-15.2.rel1-x86_64-arm-none-eabi/bin/../lib/gcc/arm-none-eabi/15.2.1/../../../../arm-none-eabi/lib/thumb/v8-m.main/nofp/libc_nano.a(libc_a-findfp.o) (_fwalk_sglue)
/home/school/arm-gnu-toolchain-15.2.rel1-x86_64-arm-none-eabi/bin/../lib/gcc/arm-none-eabi/15.2.1/../../../../arm-none-eabi/lib/thumb/v8-m.main/nofp/libc_nano.a(libc_a-getchar.o)
                              CMakeFiles/template.elf.dir/examples/ese_examples/general/template/main.c.obj (getchar)
/home/school/arm-gnu-toolchain-15.2.rel1-x86_64-arm-none-eabi/bin/../lib/gcc/arm-none-eabi/15.2.1/../../../../arm-none-eabi/lib/thumb/v8-m.main/nofp/libc_nano.a(libc_a-printf.o)
                              CMakeFiles/template.elf.dir/examples/ese_examples/general/template/main.c.obj (printf)
/home/school/arm-gnu-toolchain-15.2.rel1-x86_64-arm-none-eabi/bin/../lib/gcc/arm-none-eabi/15.2.1/../../../../arm-none-eabi/lib/thumb/v8-m.main/nofp/libc_nano.a(libc_a-stdio.o)
                              /home/school/arm-gnu-toolchain-15.2.rel1-x86_64-arm-none-eabi/bin/../lib/gcc/arm-none-eabi/15.2.1/../../../../arm-none-eabi/lib/thumb/v8-m.main/nofp/libc_nano.a(libc_a-findfp.o) (__sread)
/home/school/arm-gnu-toolchain-15.2.rel1-x86_64-arm-none-eabi/bin/../lib/gcc/arm-none-eabi/15.2.1/../../../../arm-none-eabi/lib/thumb/v8-m.main/nofp/libc_nano.a(libc_a-memset.o)
                              /home/school/arm-gnu-toolchain-15.2.rel1-x86_64-arm-none-eabi/bin/../lib/gcc/arm-none-eabi/15.2.1/../../../../arm-none-eabi/lib/thumb/v8-m.main/nofp/crt0.o (memset)
/home/school/arm-gnu-toolchain-15.2.rel1-x86_64-arm-none-eabi/bin/../lib/gcc/arm-none-eabi/15.2.1/../../../../arm-none-eabi/lib/thumb/v8-m.main/nofp/libc_nano.a(libc_a-closer.o)
                              /home/school/arm-gnu-toolchain-15.2.rel1-x86_64-arm-none-eabi/bin/../lib/gcc/arm-none-eabi/15.2.1/../../../../arm-none-eabi/lib/thumb/v8-m.main/nofp/libc_nano.a(libc_a-stdio.o) (_close_r)
/home/school/arm-gnu-toolchain-15.2.rel1-x86_64-arm-none-eabi/bin/../lib/gcc/arm-none-eabi/15.2.1/../../../../arm-none-eabi/lib/thumb/v8-m.main/nofp/libc_nano.a(libc_a-reent.o)
                              /home/school/arm-gnu-toolchain-15.2.rel1-x86_64-arm-none-eabi/bin/../lib/gcc/arm-none-eabi/15.2.1/../../../../arm-none-eabi/lib/thumb/v8-m.main/nofp/libc_nano.a(libc_a-closer.o) (errno)
/home/school/arm-gnu-toolchain-15.2.rel1-x86_64-arm-none-eabi/bin/../lib/gcc/arm-none-eabi/15.2.1/../../../../arm-none-eabi/lib/thumb/v8-m.main/nofp/libc_nano.a(libc_a-impure.o)
                              /home/school/arm-gnu-toolchain-15.2.rel1-x86_64-arm-none-eabi/bin/../lib/gcc/arm-none-eabi/15.2.1/../../../../arm-none-eabi/lib/thumb/v8-m.main/nofp/libc_nano.a(libc_a-getchar.o) (_impure_ptr)
/home/school/arm-gnu-toolchain-15.2.rel1-x86_64-arm-none-eabi/bin/../lib/gcc/arm-none-eabi/15.2.1/../../../../arm-none-eabi/lib/thumb/v8-m.main/nofp/libc_nano.a(libc_a-lseekr.o)
                              /home/school/arm-gnu-toolchain-15.2.rel1-x86_64-arm-none-eabi/bin/../lib/gcc/arm-none-eabi/15.2.1/../../../../arm-none-eabi/lib/thumb/v8-m.main/nofp/libc_nano.a(libc_a-stdio.o) (_lseek_r)
/home/school/arm-gnu-toolchain-15.2.rel1-x86_64-arm-none-eabi/bin/../lib/gcc/arm-none-eabi/15.2.1/../../../../arm-none-eabi/lib/thumb/v8-m.main/nofp/libc_nano.a(libc_a-readr.o)
                              /home/school/arm-gnu-toolchain-15.2.rel1-x86_64-arm-none-eabi/bin/../lib/gcc/arm-none-eabi/15.2.1/../../../../arm-none-eabi/lib/thumb/v8-m.main/nofp/libc_nano.a(libc_a-stdio.o) (_read_r)
/home/school/arm-gnu-toolchain-15.2.rel1-x86_64-arm-none-eabi/bin/../lib/gcc/arm-none-eabi/15.2.1/../../../../arm-none-eabi/lib/thumb/v8-m.main/nofp/libc_nano.a(libc_a-writer.o)
                              /home/school/arm-gnu-toolchain-15.2.rel1-x86_64-arm-none-eabi/bin/../lib/gcc/arm-none-eabi/15.2.1/../../../../arm-none-eabi/lib/thumb/v8-m.main/nofp/libc_nano.a(libc_a-stdio.o) (_write_r)
[...]
Memory Configuration

Name             Origin             Length             Attributes
m_interrupts     0x00000000         0x00000200         xr
m_text           0x00000200         0x0001fe00         xr
m_data           0x20000000         0x00006000         rw
m_sramx0         0x04000000         0x00002000         rw
*default*        0x00000000         0xffffffff

Linker script and memory map

LOAD /home/school/arm-gnu-toolchain-15.2.rel1-x86_64-arm-none-eabi/bin/../lib/gcc/arm-none-eabi/15.2.1/thumb/v8-m.main/nofp/crti.o
LOAD /home/school/arm-gnu-toolchain-15.2.rel1-x86_64-arm-none-eabi/bin/../lib/gcc/arm-none-eabi/15.2.1/thumb/v8-m.main/nofp/crtbegin.o
LOAD /home/school/arm-gnu-toolchain-15.2.rel1-x86_64-arm-none-eabi/bin/../lib/gcc/arm-none-eabi/15.2.1/../../../../arm-none-eabi/lib/thumb/v8-m.main/nofp/crt0.o
LOAD CMakeFiles/template.elf.dir/devices/MCX/MCXA/MCXA153/system_MCXA153.c.obj
LOAD CMakeFiles/template.elf.dir/devices/MCX/MCXA/MCXA153/gcc/startup_MCXA153.S.obj
LOAD CMakeFiles/template.elf.dir/components/misc_utilities/fsl_syscall_stub.c.obj
LOAD CMakeFiles/template.elf.dir/components/misc_utilities/fsl_sbrk.c.obj
LOAD CMakeFiles/template.elf.dir/components/misc_utilities/fsl_memcpy.S.obj
LOAD CMakeFiles/template.elf.dir/examples/_boards/frdmmcxa153/ese_common/leds/leds.c.obj
LOAD CMakeFiles/template.elf.dir/examples/_boards/frdmmcxa153/ese_common/switches/switches.c.obj
LOAD CMakeFiles/template.elf.dir/examples/_boards/frdmmcxa153/ese_common/serial/serial.c.obj
LOAD CMakeFiles/template.elf.dir/examples/_boards/frdmmcxa153/ese_common/serial/retarget.c.obj
LOAD CMakeFiles/template.elf.dir/examples/ese_examples/general/template/main.c.obj
LOAD CMakeFiles/template.elf.dir/examples/ese_common/fifo/fifo.c.obj
LOAD CMakeFiles/template.elf.dir/src/myheader.c.obj
LOAD CMakeFiles/template.elf.dir/src/mymain.c.obj
START GROUP
LOAD /home/school/arm-gnu-toolchain-15.2.rel1-x86_64-arm-none-eabi/bin/../lib/gcc/arm-none-eabi/15.2.1/../../../../arm-none-eabi/lib/thumb/v8-m.main/nofp/libm.a
LOAD /home/school/arm-gnu-toolchain-15.2.rel1-x86_64-arm-none-eabi/bin/../lib/gcc/arm-none-eabi/15.2.1/../../../../arm-none-eabi/lib/thumb/v8-m.main/nofp/libc_nano.a
LOAD /home/school/arm-gnu-toolchain-15.2.rel1-x86_64-arm-none-eabi/bin/../lib/gcc/arm-none-eabi/15.2.1/thumb/v8-m.main/nofp/libgcc.a
LOAD /home/school/arm-gnu-toolchain-15.2.rel1-x86_64-arm-none-eabi/bin/../lib/gcc/arm-none-eabi/15.2.1/../../../../arm-none-eabi/lib/thumb/v8-m.main/nofp/libnosys.a
END GROUP
START GROUP
LOAD /home/school/arm-gnu-toolchain-15.2.rel1-x86_64-arm-none-eabi/bin/../lib/gcc/arm-none-eabi/15.2.1/thumb/v8-m.main/nofp/libgcc.a
LOAD /home/school/arm-gnu-toolchain-15.2.rel1-x86_64-arm-none-eabi/bin/../lib/gcc/arm-none-eabi/15.2.1/../../../../arm-none-eabi/lib/thumb/v8-m.main/nofp/libg_nano.a
LOAD /home/school/arm-gnu-toolchain-15.2.rel1-x86_64-arm-none-eabi/bin/../lib/gcc/arm-none-eabi/15.2.1/../../../../arm-none-eabi/lib/thumb/v8-m.main/nofp/libc_nano.a
END GROUP
START GROUP
LOAD /home/school/arm-gnu-toolchain-15.2.rel1-x86_64-arm-none-eabi/bin/../lib/gcc/arm-none-eabi/15.2.1/thumb/v8-m.main/nofp/libgcc.a
LOAD /home/school/arm-gnu-toolchain-15.2.rel1-x86_64-arm-none-eabi/bin/../lib/gcc/arm-none-eabi/15.2.1/../../../../arm-none-eabi/lib/thumb/v8-m.main/nofp/libc_nano.a
LOAD /home/school/arm-gnu-toolchain-15.2.rel1-x86_64-arm-none-eabi/bin/../lib/gcc/arm-none-eabi/15.2.1/../../../../arm-none-eabi/lib/thumb/v8-m.main/nofp/libnosys.a
END GROUP
START GROUP
LOAD /home/school/arm-gnu-toolchain-15.2.rel1-x86_64-arm-none-eabi/bin/../lib/gcc/arm-none-eabi/15.2.1/thumb/v8-m.main/nofp/libgcc.a
LOAD /home/school/arm-gnu-toolchain-15.2.rel1-x86_64-arm-none-eabi/bin/../lib/gcc/arm-none-eabi/15.2.1/../../../../arm-none-eabi/lib/thumb/v8-m.main/nofp/libc_nano.a
LOAD /home/school/arm-gnu-toolchain-15.2.rel1-x86_64-arm-none-eabi/bin/../lib/gcc/arm-none-eabi/15.2.1/../../../../arm-none-eabi/lib/thumb/v8-m.main/nofp/libnosys.a
END GROUP
LOAD /home/school/arm-gnu-toolchain-15.2.rel1-x86_64-arm-none-eabi/bin/../lib/gcc/arm-none-eabi/15.2.1/thumb/v8-m.main/nofp/crtend.o
LOAD /home/school/arm-gnu-toolchain-15.2.rel1-x86_64-arm-none-eabi/bin/../lib/gcc/arm-none-eabi/15.2.1/thumb/v8-m.main/nofp/crtn.o
                0x00000400                        HEAP_SIZE = DEFINED (__heap_size__)?__heap_size__:0x400
                0x00000800                        STACK_SIZE = DEFINED (__stack_size__)?__stack_size__:0x800

.interrupts     0x00000000      0x180
                0x00000000                        . = ALIGN (0x4)
 *(.isr_vector)
 .isr_vector    0x00000000      0x180 CMakeFiles/template.elf.dir/devices/MCX/MCXA/MCXA153/gcc/startup_MCXA153.S.obj
                0x00000000                __Vectors
                0x00000180                        . = ALIGN (0x4)

.text           0x00000200     0x218c
                0x00000200                        . = ALIGN (0x4)
 *(.text)
 .text          0x00000200       0x7c /home/school/arm-gnu-toolchain-15.2.rel1-x86_64-arm-none-eabi/bin/../lib/gcc/arm-none-eabi/15.2.1/../../../../arm-none-eabi/lib/thumb/v8-m.main/nofp/crt0.o
                0x00000200                _stack_init
                0x00000208                _mainCRTStartup
                0x00000208                _start
 .text          0x0000027c      0x340 CMakeFiles/template.elf.dir/devices/MCX/MCXA/MCXA153/gcc/startup_MCXA153.S.obj
                0x0000027c                Reset_Handler
                0x00000310                GLIKEY0_DriverIRQHandler
                0x00000310                CMC_DriverIRQHandler
                0x00000310                WUU0_DriverIRQHandler
                0x00000310                DebugMon_Handler
                0x00000310                Reserved33_DriverIRQHandler
                0x00000310                I3C0_DriverIRQHandler
                0x00000310                Reserved39_DriverIRQHandler
                0x00000310                WAKETIMER0_DriverIRQHandler
                0x00000310                MBC0_DriverIRQHandler
                0x00000310                LPTMR0_DriverIRQHandler
                0x00000310                FLEXPWM0_SUBMODULE1_DriverIRQHandler
                0x00000310                LPI2C0_DriverIRQHandler
                0x00000310                FLEXPWM0_RELOAD_ERROR_DriverIRQHandler
                0x00000310                QDC0_HOME_DriverIRQHandler
                0x00000310                Reserved82_DriverIRQHandler
                0x00000310                QDC0_WATCHDOG_DriverIRQHandler
                0x00000310                ERM0_MULTI_BIT_DriverIRQHandler
                0x00000310                Reserved36_DriverIRQHandler
                0x00000310                CTIMER2_DriverIRQHandler
                0x00000310                UsageFault_Handler
                0x00000310                CMP1_DriverIRQHandler
                0x00000310                DefaultISR
                0x00000310                USB0_DriverIRQHandler
                0x00000310                QDC0_INDEX_DriverIRQHandler
                0x00000310                UTICK0_DriverIRQHandler
                0x00000310                Reserved41_DriverIRQHandler
                0x00000310                FLEXPWM0_SUBMODULE2_DriverIRQHandler
                0x00000310                LPUART2_DriverIRQHandler
                0x00000310                WWDT0_DriverIRQHandler
                0x00000310                Reserved84_DriverIRQHandler
                0x00000310                FLEXPWM0_FAULT_DriverIRQHandler
                0x00000310                GPIO0_DriverIRQHandler
                0x00000310                Reserved38_DriverIRQHandler
                0x00000310                FREQME0_DriverIRQHandler
                0x00000310                Reserved22_DriverIRQHandler
                0x00000310                Reserved53_DriverIRQHandler
                0x00000310                Reserved35_DriverIRQHandler
                0x00000310                CTIMER0_DriverIRQHandler
                0x00000310                Reserved79_DriverIRQHandler
                0x00000310                Reserved91_DriverIRQHandler
                0x00000310                Reserved24_DriverIRQHandler
                0x00000310                CTIMER1_DriverIRQHandler
                0x00000310                QDC0_COMPARE_DriverIRQHandler
                0x00000310                LPUART1_DriverIRQHandler
                0x00000310                SecureFault_Handler
                0x00000310                Reserved92_DriverIRQHandler
                0x00000310                Reserved95_DriverIRQHandler
                0x00000310                LPSPI0_DriverIRQHandler
                0x00000310                DMA_CH3_DriverIRQHandler
                0x00000310                Reserved83_DriverIRQHandler
                0x00000310                Reserved72_DriverIRQHandler
                0x00000310                Reserved23_DriverIRQHandler
                0x00000310                Reserved93_DriverIRQHandler
                0x00000310                Reserved65_DriverIRQHandler
                0x00000310                ERM0_SINGLE_BIT_DriverIRQHandler
                0x00000310                DMA_CH2_DriverIRQHandler
                0x00000310                MemManage_Handler
                0x00000310                Reserved51_DriverIRQHandler
                0x00000310                Reserved25_DriverIRQHandler
                0x00000310                Reserved94_DriverIRQHandler
                0x00000310                FMU0_DriverIRQHandler
                0x00000310                LPSPI1_DriverIRQHandler
                0x00000310                Reserved77_DriverIRQHandler
                0x00000310                Reserved16_DriverIRQHandler
                0x00000310                LPUART0_DriverIRQHandler
                0x00000310                GPIO2_DriverIRQHandler
                0x00000310                Reserved85_DriverIRQHandler
                0x00000310                ADC0_DriverIRQHandler
                0x00000310                CMP0_DriverIRQHandler
                0x00000310                CDOG0_DriverIRQHandler
                0x00000310                Reserved59_DriverIRQHandler
                0x00000310                DMA_CH0_DriverIRQHandler
                0x00000310                Reserved58_DriverIRQHandler
                0x00000310                DMA_CH1_DriverIRQHandler
                0x00000310                SPC0_DriverIRQHandler
                0x00000310                BusFault_Handler
                0x00000310                Reserved43_DriverIRQHandler
                0x00000310                Reserved46_DriverIRQHandler
                0x00000310                Reserved37_DriverIRQHandler
                0x00000310                Reserved86_DriverIRQHandler
                0x00000310                GPIO1_DriverIRQHandler
                0x00000310                FLEXPWM0_SUBMODULE0_DriverIRQHandler
                0x00000310                Reserved50_DriverIRQHandler
                0x00000310                OS_EVENT_DriverIRQHandler
                0x00000310                SCG0_DriverIRQHandler
                0x00000310                GPIO3_DriverIRQHandler
                0x00000314                NMI_Handler
                0x00000318                HardFault_Handler
                0x0000031c                SVC_Handler
                0x00000320                PendSV_Handler
                0x00000324                SysTick_Handler
                0x00000328                Reserved16_IRQHandler
                0x0000032c                CMC_IRQHandler
                0x00000330                DMA_CH0_IRQHandler
                0x00000334                DMA_CH1_IRQHandler
                0x00000338                DMA_CH2_IRQHandler
                0x0000033c                DMA_CH3_IRQHandler
                0x00000340                Reserved22_IRQHandler
                0x00000344                Reserved23_IRQHandler
                0x00000348                Reserved24_IRQHandler
                0x0000034c                Reserved25_IRQHandler
                0x00000350                ERM0_SINGLE_BIT_IRQHandler
                0x00000354                ERM0_MULTI_BIT_IRQHandler
                0x00000358                FMU0_IRQHandler
                0x0000035c                GLIKEY0_IRQHandler
                0x00000360                MBC0_IRQHandler
                0x00000364                SCG0_IRQHandler
                0x00000368                SPC0_IRQHandler
                0x0000036c                Reserved33_IRQHandler
                0x00000370                WUU0_IRQHandler
                0x00000374                Reserved35_IRQHandler
                0x00000378                Reserved36_IRQHandler
                0x0000037c                Reserved37_IRQHandler
                0x00000380                Reserved38_IRQHandler
                0x00000384                Reserved39_IRQHandler
                0x00000388                I3C0_IRQHandler
                0x0000038c                Reserved41_IRQHandler
                0x00000390                LPI2C0_IRQHandler
                0x00000394                Reserved43_IRQHandler
                0x00000398                LPSPI0_IRQHandler
                0x0000039c                LPSPI1_IRQHandler
                0x000003a0                Reserved46_IRQHandler
                0x000003a8                LPUART1_IRQHandler
                0x000003ac                LPUART2_IRQHandler
                0x000003b0                Reserved50_IRQHandler
                0x000003b4                Reserved51_IRQHandler
                0x000003b8                USB0_IRQHandler
                0x000003bc                Reserved53_IRQHandler
                0x000003c0                CDOG0_IRQHandler
                0x000003c4                CTIMER0_IRQHandler
                0x000003c8                CTIMER1_IRQHandler
                0x000003cc                CTIMER2_IRQHandler
                0x000003d0                Reserved58_IRQHandler
                0x000003d4                Reserved59_IRQHandler
                0x000003d8                FLEXPWM0_RELOAD_ERROR_IRQHandler
                0x000003dc                FLEXPWM0_FAULT_IRQHandler
                0x000003e0                FLEXPWM0_SUBMODULE0_IRQHandler
                0x000003e4                FLEXPWM0_SUBMODULE1_IRQHandler
                0x000003e8                FLEXPWM0_SUBMODULE2_IRQHandler
                0x000003ec                Reserved65_IRQHandler
                0x000003f0                QDC0_COMPARE_IRQHandler
                0x000003f4                QDC0_HOME_IRQHandler
                0x000003f8                QDC0_WATCHDOG_IRQHandler
                0x000003fc                QDC0_INDEX_IRQHandler
                0x00000400                FREQME0_IRQHandler
                0x00000404                LPTMR0_IRQHandler
                0x00000408                Reserved72_IRQHandler
                0x0000040c                OS_EVENT_IRQHandler
                0x00000410                WAKETIMER0_IRQHandler
                0x00000414                UTICK0_IRQHandler
                0x00000418                WWDT0_IRQHandler
                0x0000041c                Reserved77_IRQHandler
                0x00000420                ADC0_IRQHandler
                0x00000424                Reserved79_IRQHandler
                0x00000428                CMP0_IRQHandler
                0x0000042c                CMP1_IRQHandler
                0x00000430                Reserved82_IRQHandler
                0x00000434                Reserved83_IRQHandler
                0x00000438                Reserved84_IRQHandler
                0x0000043c                Reserved85_IRQHandler
                0x00000440                Reserved86_IRQHandler
                0x00000444                GPIO0_IRQHandler
                0x0000044c                GPIO2_IRQHandler
                0x00000454                Reserved91_IRQHandler
                0x00000458                Reserved92_IRQHandler
                0x0000045c                Reserved93_IRQHandler
                0x00000460                Reserved94_IRQHandler
                0x00000464                Reserved95_IRQHandler
 .text          0x000005bc       0xa0 CMakeFiles/template.elf.dir/components/misc_utilities/fsl_memcpy.S.obj
                0x000005bc                memcpy
 *(.text*)
 .text.deregister_tm_clones
                0x0000065c       0x1c /home/school/arm-gnu-toolchain-15.2.rel1-x86_64-arm-none-eabi/bin/../lib/gcc/arm-none-eabi/15.2.1/thumb/v8-m.main/nofp/crtbegin.o
 .text.register_tm_clones
                0x00000678       0x28 /home/school/arm-gnu-toolchain-15.2.rel1-x86_64-arm-none-eabi/bin/../lib/gcc/arm-none-eabi/15.2.1/thumb/v8-m.main/nofp/crtbegin.o
 .text.__do_global_dtors_aux
                0x000006a0       0x28 /home/school/arm-gnu-toolchain-15.2.rel1-x86_64-arm-none-eabi/bin/../lib/gcc/arm-none-eabi/15.2.1/thumb/v8-m.main/nofp/crtbegin.o
 .text.frame_dummy
                0x000006c8       0x24 /home/school/arm-gnu-toolchain-15.2.rel1-x86_64-arm-none-eabi/bin/../lib/gcc/arm-none-eabi/15.2.1/thumb/v8-m.main/nofp/crtbegin.o
 .text.SystemInit
                0x000006ec      0x140 CMakeFiles/template.elf.dir/devices/MCX/MCXA/MCXA153/system_MCXA153.c.obj
                0x000006ec                SystemInit
 .text.SystemInitHook
                0x0000082c        0xc CMakeFiles/template.elf.dir/devices/MCX/MCXA/MCXA153/system_MCXA153.c.obj
                0x0000082c                SystemInitHook
 .text._close   0x00000838       0x1e CMakeFiles/template.elf.dir/components/misc_utilities/fsl_syscall_stub.c.obj
                0x00000838                _close
 .text._lseek   0x00000856       0x22 CMakeFiles/template.elf.dir/components/misc_utilities/fsl_syscall_stub.c.obj
                0x00000856                _lseek
 .text._fstat   0x00000878       0x20 CMakeFiles/template.elf.dir/components/misc_utilities/fsl_syscall_stub.c.obj
                0x00000878                _fstat
 .text._isatty  0x00000898       0x1c CMakeFiles/template.elf.dir/components/misc_utilities/fsl_syscall_stub.c.obj
                0x00000898                _isatty
 .text._sbrk    0x000008b4       0x68 CMakeFiles/template.elf.dir/components/misc_utilities/fsl_sbrk.c.obj
                0x000008b4                _sbrk
 .text.leds_init
                0x0000091c       0x74 CMakeFiles/template.elf.dir/examples/_boards/frdmmcxa153/ese_common/leds/leds.c.obj
                0x0000091c                leds_init
 .text.led_red_toggle
                0x00000990       0x18 CMakeFiles/template.elf.dir/examples/_boards/frdmmcxa153/ese_common/leds/leds.c.obj
                0x00000990                led_red_toggle
 .text.led_green_toggle
                0x000009a8       0x18 CMakeFiles/template.elf.dir/examples/_boards/frdmmcxa153/ese_common/leds/leds.c.obj
                0x000009a8                led_green_toggle
 .text.led_blue_toggle
                0x000009c0       0x18 CMakeFiles/template.elf.dir/examples/_boards/frdmmcxa153/ese_common/leds/leds.c.obj
                0x000009c0                led_blue_toggle
 .text.__NVIC_EnableIRQ
                0x000009d8       0x38 CMakeFiles/template.elf.dir/examples/_boards/frdmmcxa153/ese_common/switches/switches.c.obj
 .text.__NVIC_ClearPendingIRQ
                0x00000a10       0x3c CMakeFiles/template.elf.dir/examples/_boards/frdmmcxa153/ese_common/switches/switches.c.obj
 .text.__NVIC_SetPriority
                0x00000a4c       0x54 CMakeFiles/template.elf.dir/examples/_boards/frdmmcxa153/ese_common/switches/switches.c.obj
 .text.sw_init  0x00000aa0       0xa8 CMakeFiles/template.elf.dir/examples/_boards/frdmmcxa153/ese_common/switches/switches.c.obj
                0x00000aa0                sw_init
 .text.GPIO1_IRQHandler
                0x00000b48       0x38 CMakeFiles/template.elf.dir/examples/_boards/frdmmcxa153/ese_common/switches/switches.c.obj
                0x00000b48                GPIO1_IRQHandler
 .text.sw3_pressed
                0x00000b80       0x28 CMakeFiles/template.elf.dir/examples/_boards/frdmmcxa153/ese_common/switches/switches.c.obj
                0x00000b80                sw3_pressed
 .text.GPIO3_IRQHandler
                0x00000ba8       0x38 CMakeFiles/template.elf.dir/examples/_boards/frdmmcxa153/ese_common/switches/switches.c.obj
                0x00000ba8                GPIO3_IRQHandler
 .text.sw2_pressed
                0x00000be0       0x28 CMakeFiles/template.elf.dir/examples/_boards/frdmmcxa153/ese_common/switches/switches.c.obj
                0x00000be0                sw2_pressed
 .text.__NVIC_EnableIRQ
                0x00000c08       0x38 CMakeFiles/template.elf.dir/examples/_boards/frdmmcxa153/ese_common/serial/serial.c.obj
 .text.__NVIC_ClearPendingIRQ
                0x00000c40       0x3c CMakeFiles/template.elf.dir/examples/_boards/frdmmcxa153/ese_common/serial/serial.c.obj
 .text.__NVIC_SetPriority
                0x00000c7c       0x54 CMakeFiles/template.elf.dir/examples/_boards/frdmmcxa153/ese_common/serial/serial.c.obj
 .text.serial_init
                0x00000cd0       0xc8 CMakeFiles/template.elf.dir/examples/_boards/frdmmcxa153/ese_common/serial/serial.c.obj
                0x00000cd0                serial_init
 .text.serial_putchar
                0x00000d98       0x3c CMakeFiles/template.elf.dir/examples/_boards/frdmmcxa153/ese_common/serial/serial.c.obj
                0x00000d98                serial_putchar
 .text.serial_getchar
                0x00000dd4       0x30 CMakeFiles/template.elf.dir/examples/_boards/frdmmcxa153/ese_common/serial/serial.c.obj
                0x00000dd4                serial_getchar
 .text.serial_rxcnt
                0x00000e04       0x14 CMakeFiles/template.elf.dir/examples/_boards/frdmmcxa153/ese_common/serial/serial.c.obj
                0x00000e04                serial_rxcnt
 .text.LPUART0_IRQHandler
                0x00000e18       0x80 CMakeFiles/template.elf.dir/examples/_boards/frdmmcxa153/ese_common/serial/serial.c.obj
                0x00000e18                LPUART0_IRQHandler
 .text._write   0x00000e98       0x38 CMakeFiles/template.elf.dir/examples/_boards/frdmmcxa153/ese_common/serial/retarget.c.obj
                0x00000e98                _write
 .text._read    0x00000ed0       0x3a CMakeFiles/template.elf.dir/examples/_boards/frdmmcxa153/ese_common/serial/retarget.c.obj
                0x00000ed0                _read
 *fill*         0x00000f0a        0x2 
 .text.main     0x00000f0c       0xc4 CMakeFiles/template.elf.dir/examples/ese_examples/general/template/main.c.obj
                0x00000f0c                main
 .text.f_init   0x00000fd0       0x54 CMakeFiles/template.elf.dir/examples/ese_common/fifo/fifo.c.obj
                0x00000fd0                f_init
 .text.f_push   0x00001024       0x76 CMakeFiles/template.elf.dir/examples/ese_common/fifo/fifo.c.obj
                0x00001024                f_push
 .text.f_pop    0x0000109a       0x72 CMakeFiles/template.elf.dir/examples/ese_common/fifo/fifo.c.obj
                0x0000109a                f_pop
 .text.f_cnt    0x0000110c       0x16 CMakeFiles/template.elf.dir/examples/ese_common/fifo/fifo.c.obj
                0x0000110c                f_cnt
 *fill*         0x00001122        0x2 
 .text.exit     0x00001124       0x24 /home/school/arm-gnu-toolchain-15.2.rel1-x86_64-arm-none-eabi/bin/../lib/gcc/arm-none-eabi/15.2.1/../../../../arm-none-eabi/lib/thumb/v8-m.main/nofp/libc_nano.a(libc_a-exit.o)
                0x00001124                exit
 .text.std      0x00001148       0x6c /home/school/arm-gnu-toolchain-15.2.rel1-x86_64-arm-none-eabi/bin/../lib/gcc/arm-none-eabi/15.2.1/../../../../arm-none-eabi/lib/thumb/v8-m.main/nofp/libc_nano.a(libc_a-findfp.o)
 .text.stdio_exit_handler
                0x000011b4       0x18 /home/school/arm-gnu-toolchain-15.2.rel1-x86_64-arm-none-eabi/bin/../lib/gcc/arm-none-eabi/15.2.1/../../../../arm-none-eabi/lib/thumb/v8-m.main/nofp/libc_nano.a(libc_a-findfp.o)
 .text.cleanup_stdio
                0x000011cc       0x40 /home/school/arm-gnu-toolchain-15.2.rel1-x86_64-arm-none-eabi/bin/../lib/gcc/arm-none-eabi/15.2.1/../../../../arm-none-eabi/lib/thumb/v8-m.main/nofp/libc_nano.a(libc_a-findfp.o)
 .text.global_stdio_init.part.0
                0x0000120c       0x40 /home/school/arm-gnu-toolchain-15.2.rel1-x86_64-arm-none-eabi/bin/../lib/gcc/arm-none-eabi/15.2.1/../../../../arm-none-eabi/lib/thumb/v8-m.main/nofp/libc_nano.a(libc_a-findfp.o)
 .text.__sfp_lock_acquire
                0x0000124c        0xc /home/school/arm-gnu-toolchain-15.2.rel1-x86_64-arm-none-eabi/bin/../lib/gcc/arm-none-eabi/15.2.1/../../../../arm-none-eabi/lib/thumb/v8-m.main/nofp/libc_nano.a(libc_a-findfp.o)
                0x0000124c                __sfp_lock_acquire
 .text.__sfp_lock_release
                0x00001258        0xc /home/school/arm-gnu-toolchain-15.2.rel1-x86_64-arm-none-eabi/bin/../lib/gcc/arm-none-eabi/15.2.1/../../../../arm-none-eabi/lib/thumb/v8-m.main/nofp/libc_nano.a(libc_a-findfp.o)
                0x00001258                __sfp_lock_release
 .text.__sinit  0x00001264       0x30 /home/school/arm-gnu-toolchain-15.2.rel1-x86_64-arm-none-eabi/bin/../lib/gcc/arm-none-eabi/15.2.1/../../../../arm-none-eabi/lib/thumb/v8-m.main/nofp/libc_nano.a(libc_a-findfp.o)
                0x00001264                __sinit
 .text._fwalk_sglue
                0x00001294       0x3a /home/school/arm-gnu-toolchain-15.2.rel1-x86_64-arm-none-eabi/bin/../lib/gcc/arm-none-eabi/15.2.1/../../../../arm-none-eabi/lib/thumb/v8-m.main/nofp/libc_nano.a(libc_a-fwalk.o)
                0x00001294                _fwalk_sglue
 *fill*         0x000012ce        0x2 
 .text.getchar  0x000012d0       0x10 /home/school/arm-gnu-toolchain-15.2.rel1-x86_64-arm-none-eabi/bin/../lib/gcc/arm-none-eabi/15.2.1/../../../../arm-none-eabi/lib/thumb/v8-m.main/nofp/libc_nano.a(libc_a-getchar.o)
                0x000012d0                getchar
 .text.printf   0x000012e0       0x24 /home/school/arm-gnu-toolchain-15.2.rel1-x86_64-arm-none-eabi/bin/../lib/gcc/arm-none-eabi/15.2.1/../../../../arm-none-eabi/lib/thumb/v8-m.main/nofp/libc_nano.a(libc_a-printf.o)
                0x000012e0                printf
                0x000012e0                iprintf
 .text.__sread  0x00001304       0x22 /home/school/arm-gnu-toolchain-15.2.rel1-x86_64-arm-none-eabi/bin/../lib/gcc/arm-none-eabi/15.2.1/../../../../arm-none-eabi/lib/thumb/v8-m.main/nofp/libc_nano.a(libc_a-stdio.o)
                0x00001304                __sread
 .text.__swrite
                0x00001326       0x38 /home/school/arm-gnu-toolchain-15.2.rel1-x86_64-arm-none-eabi/bin/../lib/gcc/arm-none-eabi/15.2.1/../../../../arm-none-eabi/lib/thumb/v8-m.main/nofp/libc_nano.a(libc_a-stdio.o)
                0x00001326                __swrite
 .text.__sseek  0x0000135e       0x26 /home/school/arm-gnu-toolchain-15.2.rel1-x86_64-arm-none-eabi/bin/../lib/gcc/arm-none-eabi/15.2.1/../../../../arm-none-eabi/lib/thumb/v8-m.main/nofp/libc_nano.a(libc_a-stdio.o)
                0x0000135e                __sseek
 .text.__sclose
                0x00001384        0x8 /home/school/arm-gnu-toolchain-15.2.rel1-x86_64-arm-none-eabi/bin/../lib/gcc/arm-none-eabi/15.2.1/../../../../arm-none-eabi/lib/thumb/v8-m.main/nofp/libc_nano.a(libc_a-stdio.o)
                0x00001384                __sclose
 .text.memset   0x0000138c       0x10 /home/school/arm-gnu-toolchain-15.2.rel1-x86_64-arm-none-eabi/bin/../lib/gcc/arm-none-eabi/15.2.1/../../../../arm-none-eabi/lib/thumb/v8-m.main/nofp/libc_nano.a(libc_a-memset.o)
                0x0000138c                memset
 .text._close_r
                0x0000139c       0x20 /home/school/arm-gnu-toolchain-15.2.rel1-x86_64-arm-none-eabi/bin/../lib/gcc/arm-none-eabi/15.2.1/../../../../arm-none-eabi/lib/thumb/v8-m.main/nofp/libc_nano.a(libc_a-closer.o)
                0x0000139c                _close_r
 .text._lseek_r
                0x000013bc       0x24 /home/school/arm-gnu-toolchain-15.2.rel1-x86_64-arm-none-eabi/bin/../lib/gcc/arm-none-eabi/15.2.1/../../../../arm-none-eabi/lib/thumb/v8-m.main/nofp/libc_nano.a(libc_a-lseekr.o)
                0x000013bc                _lseek_r
 .text._read_r  0x000013e0       0x24 /home/school/arm-gnu-toolchain-15.2.rel1-x86_64-arm-none-eabi/bin/../lib/gcc/arm-none-eabi/15.2.1/../../../../arm-none-eabi/lib/thumb/v8-m.main/nofp/libc_nano.a(libc_a-readr.o)
                0x000013e0                _read_r
 .text._write_r
                0x00001404       0x24 /home/school/arm-gnu-toolchain-15.2.rel1-x86_64-arm-none-eabi/bin/../lib/gcc/arm-none-eabi/15.2.1/../../../../arm-none-eabi/lib/thumb/v8-m.main/nofp/libc_nano.a(libc_a-writer.o)
                0x00001404                _write_r
 .text.__errno  0x00001428        0xc /home/school/arm-gnu-toolchain-15.2.rel1-x86_64-arm-none-eabi/bin/../lib/gcc/arm-none-eabi/15.2.1/../../../../arm-none-eabi/lib/thumb/v8-m.main/nofp/libc_nano.a(libc_a-errno.o)
                0x00001428                __errno
 .text.__libc_init_array
                0x00001434       0x48 /home/school/arm-gnu-toolchain-15.2.rel1-x86_64-arm-none-eabi/bin/../lib/gcc/arm-none-eabi/15.2.1/../../../../arm-none-eabi/lib/thumb/v8-m.main/nofp/libc_nano.a(libc_a-init.o)
                0x00001434                __libc_init_array
 .text.__retarget_lock_init_recursive
                0x0000147c        0x2 /home/school/arm-gnu-toolchain-15.2.rel1-x86_64-arm-none-eabi/bin/../lib/gcc/arm-none-eabi/15.2.1/../../../../arm-none-eabi/lib/thumb/v8-m.main/nofp/libc_nano.a(libc_a-lock.o)
                0x0000147c                __retarget_lock_init_recursive
 .text.__retarget_lock_acquire_recursive
                0x0000147e        0x2 /home/school/arm-gnu-toolchain-15.2.rel1-x86_64-arm-none-eabi/bin/../lib/gcc/arm-none-eabi/15.2.1/../../../../arm-none-eabi/lib/thumb/v8-m.main/nofp/libc_nano.a(libc_a-lock.o)
                0x0000147e                __retarget_lock_acquire_recursive
 .text.__retarget_lock_release_recursive
                0x00001480        0x2 /home/school/arm-gnu-toolchain-15.2.rel1-x86_64-arm-none-eabi/bin/../lib/gcc/arm-none-eabi/15.2.1/../../../../arm-none-eabi/lib/thumb/v8-m.main/nofp/libc_nano.a(libc_a-lock.o)
                0x00001480                __retarget_lock_release_recursive
 *fill*         0x00001482        0x2 
 .text._free_r  0x00001484       0x98 /home/school/arm-gnu-toolchain-15.2.rel1-x86_64-arm-none-eabi/bin/../lib/gcc/arm-none-eabi/15.2.1/../../../../arm-none-eabi/lib/thumb/v8-m.main/nofp/libc_nano.a(libc_a-freer.o)
                0x00001484                _free_r
 .text.sbrk_aligned
                0x0000151c       0x44 /home/school/arm-gnu-toolchain-15.2.rel1-x86_64-arm-none-eabi/bin/../lib/gcc/arm-none-eabi/15.2.1/../../../../arm-none-eabi/lib/thumb/v8-m.main/nofp/libc_nano.a(libc_a-mallocr.o)
 .text._malloc_r
                0x00001560       0xf8 /home/school/arm-gnu-toolchain-15.2.rel1-x86_64-arm-none-eabi/bin/../lib/gcc/arm-none-eabi/15.2.1/../../../../arm-none-eabi/lib/thumb/v8-m.main/nofp/libc_nano.a(libc_a-mallocr.o)
                0x00001560                _malloc_r
 .text.__malloc_lock
                0x00001658        0xc /home/school/arm-gnu-toolchain-15.2.rel1-x86_64-arm-none-eabi/bin/../lib/gcc/arm-none-eabi/15.2.1/../../../../arm-none-eabi/lib/thumb/v8-m.main/nofp/libc_nano.a(libc_a-mlock.o)
                0x00001658                __malloc_lock
 .text.__malloc_unlock
                0x00001664        0xc /home/school/arm-gnu-toolchain-15.2.rel1-x86_64-arm-none-eabi/bin/../lib/gcc/arm-none-eabi/15.2.1/../../../../arm-none-eabi/lib/thumb/v8-m.main/nofp/libc_nano.a(libc_a-mlock.o)
                0x00001664                __malloc_unlock
 .text.__sfputc_r
                0x00001670       0x2a /home/school/arm-gnu-toolchain-15.2.rel1-x86_64-arm-none-eabi/bin/../lib/gcc/arm-none-eabi/15.2.1/../../../../arm-none-eabi/lib/thumb/v8-m.main/nofp/libc_nano.a(libc_a-nano-vfprintf.o)
 .text.__sfputs_r
                0x0000169a       0x24 /home/school/arm-gnu-toolchain-15.2.rel1-x86_64-arm-none-eabi/bin/../lib/gcc/arm-none-eabi/15.2.1/../../../../arm-none-eabi/lib/thumb/v8-m.main/nofp/libc_nano.a(libc_a-nano-vfprintf.o)
                0x0000169a                __sfputs_r
 *fill*         0x000016be        0x2 
 .text._vfprintf_r
                0x000016c0      0x228 /home/school/arm-gnu-toolchain-15.2.rel1-x86_64-arm-none-eabi/bin/../lib/gcc/arm-none-eabi/15.2.1/../../../../arm-none-eabi/lib/thumb/v8-m.main/nofp/libc_nano.a(libc_a-nano-vfprintf.o)
                0x000016c0                _vfiprintf_r
                0x000016c0                _vfprintf_r
 .text._printf_common
                0x000018e8       0xf4 /home/school/arm-gnu-toolchain-15.2.rel1-x86_64-arm-none-eabi/bin/../lib/gcc/arm-none-eabi/15.2.1/../../../../arm-none-eabi/lib/thumb/v8-m.main/nofp/libc_nano.a(libc_a-nano-vfprintf_i.o)
                0x000018e8                _printf_common
 .text._printf_i
                0x000019dc      0x254 /home/school/arm-gnu-toolchain-15.2.rel1-x86_64-arm-none-eabi/bin/../lib/gcc/arm-none-eabi/15.2.1/../../../../arm-none-eabi/lib/thumb/v8-m.main/nofp/libc_nano.a(libc_a-nano-vfprintf_i.o)
                0x000019dc                _printf_i
 .text.__sflush_r
                0x00001c30       0xf8 /home/school/arm-gnu-toolchain-15.2.rel1-x86_64-arm-none-eabi/bin/../lib/gcc/arm-none-eabi/15.2.1/../../../../arm-none-eabi/lib/thumb/v8-m.main/nofp/libc_nano.a(libc_a-fflush.o)
                0x00001c30                __sflush_r
 .text._fflush_r
                0x00001d28       0x50 /home/school/arm-gnu-toolchain-15.2.rel1-x86_64-arm-none-eabi/bin/../lib/gcc/arm-none-eabi/15.2.1/../../../../arm-none-eabi/lib/thumb/v8-m.main/nofp/libc_nano.a(libc_a-fflush.o)
                0x00001d28                _fflush_r
 .text._getc_r  0x00001d78       0x56 /home/school/arm-gnu-toolchain-15.2.rel1-x86_64-arm-none-eabi/bin/../lib/gcc/arm-none-eabi/15.2.1/../../../../arm-none-eabi/lib/thumb/v8-m.main/nofp/libc_nano.a(libc_a-getc.o)
                0x00001d78                _getc_r
 .text.__srget_r
                0x00001dce       0x30 /home/school/arm-gnu-toolchain-15.2.rel1-x86_64-arm-none-eabi/bin/../lib/gcc/arm-none-eabi/15.2.1/../../../../arm-none-eabi/lib/thumb/v8-m.main/nofp/libc_nano.a(libc_a-rget.o)
                0x00001dce                __srget_r
 .text.__swbuf_r
                0x00001dfe       0x7a /home/school/arm-gnu-toolchain-15.2.rel1-x86_64-arm-none-eabi/bin/../lib/gcc/arm-none-eabi/15.2.1/../../../../arm-none-eabi/lib/thumb/v8-m.main/nofp/libc_nano.a(libc_a-wbuf.o)
                0x00001dfe                __swbuf_r
 .text.__swsetup_r
                0x00001e78       0xa8 /home/school/arm-gnu-toolchain-15.2.rel1-x86_64-arm-none-eabi/bin/../lib/gcc/arm-none-eabi/15.2.1/../../../../arm-none-eabi/lib/thumb/v8-m.main/nofp/libc_nano.a(libc_a-wsetup.o)
                0x00001e78                __swsetup_r
 .text._sbrk_r  0x00001f20       0x20 /home/school/arm-gnu-toolchain-15.2.rel1-x86_64-arm-none-eabi/bin/../lib/gcc/arm-none-eabi/15.2.1/../../../../arm-none-eabi/lib/thumb/v8-m.main/nofp/libc_nano.a(libc_a-sbrkr.o)
                0x00001f20                _sbrk_r
 .text.memchr   0x00001f40       0x1c /home/school/arm-gnu-toolchain-15.2.rel1-x86_64-arm-none-eabi/bin/../lib/gcc/arm-none-eabi/15.2.1/../../../../arm-none-eabi/lib/thumb/v8-m.main/nofp/libc_nano.a(libc_a-memchr-stub.o)
                0x00001f40                memchr
 .text.__swhatbuf_r
                0x00001f5c       0x48 /home/school/arm-gnu-toolchain-15.2.rel1-x86_64-arm-none-eabi/bin/../lib/gcc/arm-none-eabi/15.2.1/../../../../arm-none-eabi/lib/thumb/v8-m.main/nofp/libc_nano.a(libc_a-makebuf.o)
                0x00001f5c                __swhatbuf_r
 .text.__smakebuf_r
                0x00001fa4       0x72 /home/school/arm-gnu-toolchain-15.2.rel1-x86_64-arm-none-eabi/bin/../lib/gcc/arm-none-eabi/15.2.1/../../../../arm-none-eabi/lib/thumb/v8-m.main/nofp/libc_nano.a(libc_a-makebuf.o)
                0x00001fa4                __smakebuf_r
 *fill*         0x00002016        0x2 
 .text.lflush   0x00002018       0x1c /home/school/arm-gnu-toolchain-15.2.rel1-x86_64-arm-none-eabi/bin/../lib/gcc/arm-none-eabi/15.2.1/../../../../arm-none-eabi/lib/thumb/v8-m.main/nofp/libc_nano.a(libc_a-refill.o)
 .text.__srefill_r
                0x00002034       0xe4 /home/school/arm-gnu-toolchain-15.2.rel1-x86_64-arm-none-eabi/bin/../lib/gcc/arm-none-eabi/15.2.1/../../../../arm-none-eabi/lib/thumb/v8-m.main/nofp/libc_nano.a(libc_a-refill.o)
                0x00002034                __srefill_r
 .text._fstat_r
                0x00002118       0x24 /home/school/arm-gnu-toolchain-15.2.rel1-x86_64-arm-none-eabi/bin/../lib/gcc/arm-none-eabi/15.2.1/../../../../arm-none-eabi/lib/thumb/v8-m.main/nofp/libc_nano.a(libc_a-fstatr.o)
                0x00002118                _fstat_r
 .text._isatty_r
                0x0000213c       0x20 /home/school/arm-gnu-toolchain-15.2.rel1-x86_64-arm-none-eabi/bin/../lib/gcc/arm-none-eabi/15.2.1/../../../../arm-none-eabi/lib/thumb/v8-m.main/nofp/libc_nano.a(libc_a-isattyr.o)
                0x0000213c                _isatty_r
 .text._exit    0x0000215c        0x4 /home/school/arm-gnu-toolchain-15.2.rel1-x86_64-arm-none-eabi/bin/../lib/gcc/arm-none-eabi/15.2.1/../../../../arm-none-eabi/lib/thumb/v8-m.main/nofp/libnosys.a(_exit.o)
                0x0000215c                _exit
 *(.rodata)
 .rodata        0x00002160      0x1de CMakeFiles/template.elf.dir/examples/ese_examples/general/template/main.c.obj
 *(.rodata*)
 .rodata._vfprintf_r.str1.1
                0x0000233e       0x33 /home/school/arm-gnu-toolchain-15.2.rel1-x86_64-arm-none-eabi/bin/../lib/gcc/arm-none-eabi/15.2.1/../../../../arm-none-eabi/lib/thumb/v8-m.main/nofp/libc_nano.a(libc_a-nano-vfprintf.o)
                                 0x11 (size before relaxing)
 .rodata._printf_i.str1.1
                0x00002371        0x0 /home/school/arm-gnu-toolchain-15.2.rel1-x86_64-arm-none-eabi/bin/../lib/gcc/arm-none-eabi/15.2.1/../../../../arm-none-eabi/lib/thumb/v8-m.main/nofp/libc_nano.a(libc_a-nano-vfprintf_i.o)
                                 0x22 (size before relaxing)
 *(.glue_7)
 .glue_7        0x00002371        0x0 linker stubs
 *(.glue_7t)
 .glue_7t       0x00002371        0x0 linker stubs
 *(.eh_frame)
 *fill*         0x00002371        0x3 
 .eh_frame      0x00002374        0x0 /home/school/arm-gnu-toolchain-15.2.rel1-x86_64-arm-none-eabi/bin/../lib/gcc/arm-none-eabi/15.2.1/thumb/v8-m.main/nofp/crtbegin.o
 *(.init)
 .init          0x00002374        0x4 /home/school/arm-gnu-toolchain-15.2.rel1-x86_64-arm-none-eabi/bin/../lib/gcc/arm-none-eabi/15.2.1/thumb/v8-m.main/nofp/crti.o
                0x00002374                _init
 .init          0x00002378        0x8 /home/school/arm-gnu-toolchain-15.2.rel1-x86_64-arm-none-eabi/bin/../lib/gcc/arm-none-eabi/15.2.1/thumb/v8-m.main/nofp/crtn.o
 *(.fini)
 .fini          0x00002380        0x4 /home/school/arm-gnu-toolchain-15.2.rel1-x86_64-arm-none-eabi/bin/../lib/gcc/arm-none-eabi/15.2.1/thumb/v8-m.main/nofp/crti.o
                0x00002380                _fini
 .fini          0x00002384        0x8 /home/school/arm-gnu-toolchain-15.2.rel1-x86_64-arm-none-eabi/bin/../lib/gcc/arm-none-eabi/15.2.1/thumb/v8-m.main/nofp/crtn.o
                0x0000238c                        . = ALIGN (0x4)

.vfp11_veneer   0x0000238c        0x0
 .vfp11_veneer  0x0000238c        0x0 linker stubs

.v4_bx          0x0000238c        0x0
 .v4_bx         0x0000238c        0x0 linker stubs

.iplt           0x0000238c        0x0
 .iplt          0x0000238c        0x0 /home/school/arm-gnu-toolchain-15.2.rel1-x86_64-arm-none-eabi/bin/../lib/gcc/arm-none-eabi/15.2.1/thumb/v8-m.main/nofp/crtbegin.o

.ARM.extab
 *(.ARM.extab* .gnu.linkonce.armextab.*)

.ARM            0x0000238c        0x8
                0x0000238c                        __exidx_start = .
 *(.ARM.exidx*)
 .ARM.exidx     0x0000238c        0x8 /home/school/arm-gnu-toolchain-15.2.rel1-x86_64-arm-none-eabi/bin/../lib/gcc/arm-none-eabi/15.2.1/../../../../arm-none-eabi/lib/thumb/v8-m.main/nofp/crt0.o
                                 0x10 (size before relaxing)
                0x00002394                        __exidx_end = .

.rel.dyn        0x00002394        0x0
 .rel.iplt      0x00002394        0x0 /home/school/arm-gnu-toolchain-15.2.rel1-x86_64-arm-none-eabi/bin/../lib/gcc/arm-none-eabi/15.2.1/thumb/v8-m.main/nofp/crtbegin.o

.ctors          0x00002394        0x0
                0x00002394                        __CTOR_LIST__ = .
 *crtbegin.o(.ctors)
 *crtbegin?.o(.ctors)
 *(EXCLUDE_FILE(*crtend.o *crtend?.o) .ctors)
 *(SORT_BY_NAME(.ctors.*))
 *(.ctors)
                0x00002394                        __CTOR_END__ = .

.dtors          0x00002394        0x0
                0x00002394                        __DTOR_LIST__ = .
 *crtbegin.o(.dtors)
 *crtbegin?.o(.dtors)
 *(EXCLUDE_FILE(*crtend.o *crtend?.o) .dtors)
 *(SORT_BY_NAME(.dtors.*))
 *(.dtors)
                0x00002394                        __DTOR_END__ = .

.preinit_array  0x00002394        0x0
                0x00002394                        PROVIDE (__preinit_array_start = .)
 *(.preinit_array*)
                0x00002394                        PROVIDE (__preinit_array_end = .)

.init_array     0x00002394        0x4
                0x00002394                        PROVIDE (__init_array_start = .)
 *(SORT_BY_NAME(.init_array.*))
 *(.init_array*)
 .init_array    0x00002394        0x4 /home/school/arm-gnu-toolchain-15.2.rel1-x86_64-arm-none-eabi/bin/../lib/gcc/arm-none-eabi/15.2.1/thumb/v8-m.main/nofp/crtbegin.o
                0x00002398                        PROVIDE (__init_array_end = .)

.fini_array     0x00002398        0x4
                [!provide]                        PROVIDE (__fini_array_start = .)
 *(SORT_BY_NAME(.fini_array.*))
 *(.fini_array*)
 .fini_array    0x00002398        0x4 /home/school/arm-gnu-toolchain-15.2.rel1-x86_64-arm-none-eabi/bin/../lib/gcc/arm-none-eabi/15.2.1/thumb/v8-m.main/nofp/crtbegin.o
                [!provide]                        PROVIDE (__fini_array_end = .)
                0x0000239c                        __etext = .
                0x0000239c                        __DATA_ROM = .

.data           0x20000000       0x5c load address 0x0000239c
                0x20000000                        . = ALIGN (0x4)
                0x20000000                        __DATA_RAM = .
                0x20000000                        __data_start__ = .
 *(.ramfunc*)
 *(.data)
 *(.data*)
 .data.__sglue  0x20000000        0xc /home/school/arm-gnu-toolchain-15.2.rel1-x86_64-arm-none-eabi/bin/../lib/gcc/arm-none-eabi/15.2.1/../../../../arm-none-eabi/lib/thumb/v8-m.main/nofp/libc_nano.a(libc_a-findfp.o)
                0x20000000                __sglue
 .data._impure_ptr
                0x2000000c        0x4 /home/school/arm-gnu-toolchain-15.2.rel1-x86_64-arm-none-eabi/bin/../lib/gcc/arm-none-eabi/15.2.1/../../../../arm-none-eabi/lib/thumb/v8-m.main/nofp/libc_nano.a(libc_a-impure.o)
                0x2000000c                _impure_ptr
 .data._impure_data
                0x20000010       0x4c /home/school/arm-gnu-toolchain-15.2.rel1-x86_64-arm-none-eabi/bin/../lib/gcc/arm-none-eabi/15.2.1/../../../../arm-none-eabi/lib/thumb/v8-m.main/nofp/libc_nano.a(libc_a-impure.o)
                0x20000010                _impure_data
 *(.jcr*)
                0x2000005c                        . = ALIGN (0x4)
                0x2000005c                        __data_end__ = .
                0x000023f8                        __DATA_END = (__DATA_ROM + (__data_end__ - __data_start__))
                0x00020000                        text_end = (ORIGIN (m_text) + LENGTH (m_text))
                0x00000001                        ASSERT ((__DATA_END <= text_end), region m_text overflowed with text and data)

.tm_clone_table
                0x2000005c        0x0 load address 0x000023f8
 .tm_clone_table
                0x2000005c        0x0 /home/school/arm-gnu-toolchain-15.2.rel1-x86_64-arm-none-eabi/bin/../lib/gcc/arm-none-eabi/15.2.1/thumb/v8-m.main/nofp/crtbegin.o
 .tm_clone_table
                0x2000005c        0x0 /home/school/arm-gnu-toolchain-15.2.rel1-x86_64-arm-none-eabi/bin/../lib/gcc/arm-none-eabi/15.2.1/thumb/v8-m.main/nofp/crtend.o

.igot.plt       0x2000005c        0x0 load address 0x000023f8
 .igot.plt      0x2000005c        0x0 /home/school/arm-gnu-toolchain-15.2.rel1-x86_64-arm-none-eabi/bin/../lib/gcc/arm-none-eabi/15.2.1/thumb/v8-m.main/nofp/crtbegin.o

.bss            0x2000005c      0x2ac load address 0x000023f8
                0x2000005c                        . = ALIGN (0x4)
                0x2000005c                        __START_BSS = .
                0x2000005c                        __bss_start__ = .
 *(.bss)
 *(.bss*)
 .bss.completed.1
                0x2000005c        0x1 /home/school/arm-gnu-toolchain-15.2.rel1-x86_64-arm-none-eabi/bin/../lib/gcc/arm-none-eabi/15.2.1/thumb/v8-m.main/nofp/crtbegin.o
 *fill*         0x2000005d        0x3 
 .bss.object.0  0x20000060       0x18 /home/school/arm-gnu-toolchain-15.2.rel1-x86_64-arm-none-eabi/bin/../lib/gcc/arm-none-eabi/15.2.1/thumb/v8-m.main/nofp/crtbegin.o
 .bss.heap_end.0
                0x20000078        0x4 CMakeFiles/template.elf.dir/components/misc_utilities/fsl_sbrk.c.obj
 .bss.sw2_cnt   0x2000007c        0x4 CMakeFiles/template.elf.dir/examples/_boards/frdmmcxa153/ese_common/switches/switches.c.obj
 .bss.sw3_cnt   0x20000080        0x4 CMakeFiles/template.elf.dir/examples/_boards/frdmmcxa153/ese_common/switches/switches.c.obj
 .bss.tx        0x20000084       0x1c CMakeFiles/template.elf.dir/examples/_boards/frdmmcxa153/ese_common/serial/serial.c.obj
 .bss.rx        0x200000a0       0x1c CMakeFiles/template.elf.dir/examples/_boards/frdmmcxa153/ese_common/serial/serial.c.obj
 .bss.tx_buffer
                0x200000bc       0x80 CMakeFiles/template.elf.dir/examples/_boards/frdmmcxa153/ese_common/serial/serial.c.obj
 .bss.rx_buffer
                0x2000013c       0x80 CMakeFiles/template.elf.dir/examples/_boards/frdmmcxa153/ese_common/serial/serial.c.obj
 .bss.__sf      0x200001bc      0x138 /home/school/arm-gnu-toolchain-15.2.rel1-x86_64-arm-none-eabi/bin/../lib/gcc/arm-none-eabi/15.2.1/../../../../arm-none-eabi/lib/thumb/v8-m.main/nofp/libc_nano.a(libc_a-findfp.o)
                0x200001bc                __sf
 .bss.__stdio_exit_handler
                0x200002f4        0x4 /home/school/arm-gnu-toolchain-15.2.rel1-x86_64-arm-none-eabi/bin/../lib/gcc/arm-none-eabi/15.2.1/../../../../arm-none-eabi/lib/thumb/v8-m.main/nofp/libc_nano.a(libc_a-findfp.o)
                0x200002f4                __stdio_exit_handler
 .bss.errno     0x200002f8        0x4 /home/school/arm-gnu-toolchain-15.2.rel1-x86_64-arm-none-eabi/bin/../lib/gcc/arm-none-eabi/15.2.1/../../../../arm-none-eabi/lib/thumb/v8-m.main/nofp/libc_nano.a(libc_a-reent.o)
                0x200002f8                errno
 .bss.__lock___malloc_recursive_mutex
                0x200002fc        0x1 /home/school/arm-gnu-toolchain-15.2.rel1-x86_64-arm-none-eabi/bin/../lib/gcc/arm-none-eabi/15.2.1/../../../../arm-none-eabi/lib/thumb/v8-m.main/nofp/libc_nano.a(libc_a-lock.o)
                0x200002fc                __lock___malloc_recursive_mutex
 .bss.__lock___sfp_recursive_mutex
                0x200002fd        0x1 /home/school/arm-gnu-toolchain-15.2.rel1-x86_64-arm-none-eabi/bin/../lib/gcc/arm-none-eabi/15.2.1/../../../../arm-none-eabi/lib/thumb/v8-m.main/nofp/libc_nano.a(libc_a-lock.o)
                0x200002fd                __lock___sfp_recursive_mutex
 *fill*         0x200002fe        0x2 
 .bss.__malloc_sbrk_start
                0x20000300        0x4 /home/school/arm-gnu-toolchain-15.2.rel1-x86_64-arm-none-eabi/bin/../lib/gcc/arm-none-eabi/15.2.1/../../../../arm-none-eabi/lib/thumb/v8-m.main/nofp/libc_nano.a(libc_a-mallocr.o)
                0x20000300                __malloc_sbrk_start
 .bss.__malloc_free_list
                0x20000304        0x4 /home/school/arm-gnu-toolchain-15.2.rel1-x86_64-arm-none-eabi/bin/../lib/gcc/arm-none-eabi/15.2.1/../../../../arm-none-eabi/lib/thumb/v8-m.main/nofp/libc_nano.a(libc_a-mallocr.o)
                0x20000304                __malloc_free_list
 *(COMMON)
                0x20000308                        . = ALIGN (0x4)
                0x20000308                        __bss_end__ = .
                0x20000308                        __END_BSS = .

.heap           0x20000308      0x400 load address 0x000026a4
                0x20000308                        . = ALIGN (0x8)
                0x20000308                        __end__ = .
                0x20000308                        PROVIDE (end = .)
                0x20000308                        __HeapBase = .
                0x20000708                        . = (. + HEAP_SIZE)
 *fill*         0x20000308      0x400 
                0x20000708                        __HeapLimit = .
                0x20000708                        __heap_limit = .

.stack          0x20000708      0x800 load address 0x00002aa4
                0x20000708                        . = ALIGN (0x8)
                0x20000f08                        . = (. + STACK_SIZE)
 *fill*         0x20000708      0x800 
                0x20006000                        __StackTop = (ORIGIN (m_data) + LENGTH (m_data))
                0x20005800                        __StackLimit = (__StackTop - STACK_SIZE)
                0x20006000                        PROVIDE (__stack = __StackTop)

.ARM.attributes
                0x00000000       0x2e
 *(.ARM.attributes)
 .ARM.attributes
                0x00000000       0x22 /home/school/arm-gnu-toolchain-15.2.rel1-x86_64-arm-none-eabi/bin/../lib/gcc/arm-none-eabi/15.2.1/thumb/v8-m.main/nofp/crti.o
 .ARM.attributes
                0x00000022       0x32 /home/school/arm-gnu-toolchain-15.2.rel1-x86_64-arm-none-eabi/bin/../lib/gcc/arm-none-eabi/15.2.1/thumb/v8-m.main/nofp/crtbegin.o
 .ARM.attributes
                0x00000054       0x20 /home/school/arm-gnu-toolchain-15.2.rel1-x86_64-arm-none-eabi/bin/../lib/gcc/arm-none-eabi/15.2.1/../../../../arm-none-eabi/lib/thumb/v8-m.main/nofp/crt0.o
 .ARM.attributes
                0x00000074       0x32 CMakeFiles/template.elf.dir/devices/MCX/MCXA/MCXA153/system_MCXA153.c.obj
 .ARM.attributes
                0x000000a6       0x20 CMakeFiles/template.elf.dir/devices/MCX/MCXA/MCXA153/gcc/startup_MCXA153.S.obj
 .ARM.attributes
                0x000000c6       0x32 CMakeFiles/template.elf.dir/components/misc_utilities/fsl_syscall_stub.c.obj
 .ARM.attributes
                0x000000f8       0x32 CMakeFiles/template.elf.dir/components/misc_utilities/fsl_sbrk.c.obj
 .ARM.attributes
                0x0000012a       0x20 CMakeFiles/template.elf.dir/components/misc_utilities/fsl_memcpy.S.obj
 .ARM.attributes
                0x0000014a       0x32 CMakeFiles/template.elf.dir/examples/_boards/frdmmcxa153/ese_common/leds/leds.c.obj
 .ARM.attributes
                0x0000017c       0x32 CMakeFiles/template.elf.dir/examples/_boards/frdmmcxa153/ese_common/switches/switches.c.obj
 .ARM.attributes
                0x000001ae       0x32 CMakeFiles/template.elf.dir/examples/_boards/frdmmcxa153/ese_common/serial/serial.c.obj
 .ARM.attributes
                0x000001e0       0x32 CMakeFiles/template.elf.dir/examples/_boards/frdmmcxa153/ese_common/serial/retarget.c.obj
 .ARM.attributes
                0x00000212       0x32 CMakeFiles/template.elf.dir/examples/ese_examples/general/template/main.c.obj
 .ARM.attributes
                0x00000244       0x32 CMakeFiles/template.elf.dir/examples/ese_common/fifo/fifo.c.obj
 .ARM.attributes
                0x00000276       0x32 /home/school/arm-gnu-toolchain-15.2.rel1-x86_64-arm-none-eabi/bin/../lib/gcc/arm-none-eabi/15.2.1/../../../../arm-none-eabi/lib/thumb/v8-m.main/nofp/libc_nano.a(libc_a-exit.o)
 .ARM.attributes
                0x000002a8       0x32 /home/school/arm-gnu-toolchain-15.2.rel1-x86_64-arm-none-eabi/bin/../lib/gcc/arm-none-eabi/15.2.1/../../../../arm-none-eabi/lib/thumb/v8-m.main/nofp/libc_nano.a(libc_a-findfp.o)
 .ARM.attributes
                0x000002da       0x32 /home/school/arm-gnu-toolchain-15.2.rel1-x86_64-arm-none-eabi/bin/../lib/gcc/arm-none-eabi/15.2.1/../../../../arm-none-eabi/lib/thumb/v8-m.main/nofp/libc_nano.a(libc_a-fwalk.o)
 .ARM.attributes
                0x0000030c       0x32 /home/school/arm-gnu-toolchain-15.2.rel1-x86_64-arm-none-eabi/bin/../lib/gcc/arm-none-eabi/15.2.1/../../../../arm-none-eabi/lib/thumb/v8-m.main/nofp/libc_nano.a(libc_a-getchar.o)
 .ARM.attributes
                0x0000033e       0x32 /home/school/arm-gnu-toolchain-15.2.rel1-x86_64-arm-none-eabi/bin/../lib/gcc/arm-none-eabi/15.2.1/../../../../arm-none-eabi/lib/thumb/v8-m.main/nofp/libc_nano.a(libc_a-printf.o)
 .ARM.attributes
                0x00000370       0x32 /home/school/arm-gnu-toolchain-15.2.rel1-x86_64-arm-none-eabi/bin/../lib/gcc/arm-none-eabi/15.2.1/../../../../arm-none-eabi/lib/thumb/v8-m.main/nofp/libc_nano.a(libc_a-stdio.o)
 .ARM.attributes
                0x000003a2       0x32 /home/school/arm-gnu-toolchain-15.2.rel1-x86_64-arm-none-eabi/bin/../lib/gcc/arm-none-eabi/15.2.1/../../../../arm-none-eabi/lib/thumb/v8-m.main/nofp/libc_nano.a(libc_a-memset.o)
 .ARM.attributes
                0x000003d4       0x32 /home/school/arm-gnu-toolchain-15.2.rel1-x86_64-arm-none-eabi/bin/../lib/gcc/arm-none-eabi/15.2.1/../../../../arm-none-eabi/lib/thumb/v8-m.main/nofp/libc_nano.a(libc_a-closer.o)
 .ARM.attributes
                0x00000406       0x32 /home/school/arm-gnu-toolchain-15.2.rel1-x86_64-arm-none-eabi/bin/../lib/gcc/arm-none-eabi/15.2.1/../../../../arm-none-eabi/lib/thumb/v8-m.main/nofp/libc_nano.a(libc_a-reent.o)
 .ARM.attributes
                0x00000438       0x32 /home/school/arm-gnu-toolchain-15.2.rel1-x86_64-arm-none-eabi/bin/../lib/gcc/arm-none-eabi/15.2.1/../../../../arm-none-eabi/lib/thumb/v8-m.main/nofp/libc_nano.a(libc_a-impure.o)
 .ARM.attributes
                0x0000046a       0x32 /home/school/arm-gnu-toolchain-15.2.rel1-x86_64-arm-none-eabi/bin/../lib/gcc/arm-none-eabi/15.2.1/../../../../arm-none-eabi/lib/thumb/v8-m.main/nofp/libc_nano.a(libc_a-lseekr.o)
 .ARM.attributes
                0x0000049c       0x32 /home/school/arm-gnu-toolchain-15.2.rel1-x86_64-arm-none-eabi/bin/../lib/gcc/arm-none-eabi/15.2.1/../../../../arm-none-eabi/lib/thumb/v8-m.main/nofp/libc_nano.a(libc_a-readr.o)
 .ARM.attributes
                0x000004ce       0x32 /home/school/arm-gnu-toolchain-15.2.rel1-x86_64-arm-none-eabi/bin/../lib/gcc/arm-none-eabi/15.2.1/../../../../arm-none-eabi/lib/thumb/v8-m.main/nofp/libc_nano.a(libc_a-writer.o)
 .ARM.attributes
                0x00000500       0x32 /home/school/arm-gnu-toolchain-15.2.rel1-x86_64-arm-none-eabi/bin/../lib/gcc/arm-none-eabi/15.2.1/../../../../arm-none-eabi/lib/thumb/v8-m.main/nofp/libc_nano.a(libc_a-errno.o)
 .ARM.attributes
                0x00000532       0x32 /home/school/arm-gnu-toolchain-15.2.rel1-x86_64-arm-none-eabi/bin/../lib/gcc/arm-none-eabi/15.2.1/../../../../arm-none-eabi/lib/thumb/v8-m.main/nofp/libc_nano.a(libc_a-init.o)
 .ARM.attributes
                0x00000564       0x32 /home/school/arm-gnu-toolchain-15.2.rel1-x86_64-arm-none-eabi/bin/../lib/gcc/arm-none-eabi/15.2.1/../../../../arm-none-eabi/lib/thumb/v8-m.main/nofp/libc_nano.a(libc_a-lock.o)
 .ARM.attributes
                0x00000596       0x32 /home/school/arm-gnu-toolchain-15.2.rel1-x86_64-arm-none-eabi/bin/../lib/gcc/arm-none-eabi/15.2.1/../../../../arm-none-eabi/lib/thumb/v8-m.main/nofp/libc_nano.a(libc_a-freer.o)
 .ARM.attributes
                0x000005c8       0x32 /home/school/arm-gnu-toolchain-15.2.rel1-x86_64-arm-none-eabi/bin/../lib/gcc/arm-none-eabi/15.2.1/../../../../arm-none-eabi/lib/thumb/v8-m.main/nofp/libc_nano.a(libc_a-mallocr.o)
 .ARM.attributes
                0x000005fa       0x32 /home/school/arm-gnu-toolchain-15.2.rel1-x86_64-arm-none-eabi/bin/../lib/gcc/arm-none-eabi/15.2.1/../../../../arm-none-eabi/lib/thumb/v8-m.main/nofp/libc_nano.a(libc_a-mlock.o)
 .ARM.attributes
                0x0000062c       0x32 /home/school/arm-gnu-toolchain-15.2.rel1-x86_64-arm-none-eabi/bin/../lib/gcc/arm-none-eabi/15.2.1/../../../../arm-none-eabi/lib/thumb/v8-m.main/nofp/libc_nano.a(libc_a-nano-vfprintf.o)
 .ARM.attributes
                0x0000065e       0x32 /home/school/arm-gnu-toolchain-15.2.rel1-x86_64-arm-none-eabi/bin/../lib/gcc/arm-none-eabi/15.2.1/../../../../arm-none-eabi/lib/thumb/v8-m.main/nofp/libc_nano.a(libc_a-nano-vfprintf_i.o)
 .ARM.attributes
                0x00000690       0x32 /home/school/arm-gnu-toolchain-15.2.rel1-x86_64-arm-none-eabi/bin/../lib/gcc/arm-none-eabi/15.2.1/../../../../arm-none-eabi/lib/thumb/v8-m.main/nofp/libc_nano.a(libc_a-fflush.o)
 .ARM.attributes
                0x000006c2       0x32 /home/school/arm-gnu-toolchain-15.2.rel1-x86_64-arm-none-eabi/bin/../lib/gcc/arm-none-eabi/15.2.1/../../../../arm-none-eabi/lib/thumb/v8-m.main/nofp/libc_nano.a(libc_a-getc.o)
 .ARM.attributes
                0x000006f4       0x32 /home/school/arm-gnu-toolchain-15.2.rel1-x86_64-arm-none-eabi/bin/../lib/gcc/arm-none-eabi/15.2.1/../../../../arm-none-eabi/lib/thumb/v8-m.main/nofp/libc_nano.a(libc_a-rget.o)
 .ARM.attributes
                0x00000726       0x32 /home/school/arm-gnu-toolchain-15.2.rel1-x86_64-arm-none-eabi/bin/../lib/gcc/arm-none-eabi/15.2.1/../../../../arm-none-eabi/lib/thumb/v8-m.main/nofp/libc_nano.a(libc_a-wbuf.o)
 .ARM.attributes
                0x00000758       0x32 /home/school/arm-gnu-toolchain-15.2.rel1-x86_64-arm-none-eabi/bin/../lib/gcc/arm-none-eabi/15.2.1/../../../../arm-none-eabi/lib/thumb/v8-m.main/nofp/libc_nano.a(libc_a-wsetup.o)
 .ARM.attributes
                0x0000078a       0x32 /home/school/arm-gnu-toolchain-15.2.rel1-x86_64-arm-none-eabi/bin/../lib/gcc/arm-none-eabi/15.2.1/../../../../arm-none-eabi/lib/thumb/v8-m.main/nofp/libc_nano.a(libc_a-sbrkr.o)
 .ARM.attributes
                0x000007bc       0x32 /home/school/arm-gnu-toolchain-15.2.rel1-x86_64-arm-none-eabi/bin/../lib/gcc/arm-none-eabi/15.2.1/../../../../arm-none-eabi/lib/thumb/v8-m.main/nofp/libc_nano.a(libc_a-memchr-stub.o)
 .ARM.attributes
                0x000007ee       0x32 /home/school/arm-gnu-toolchain-15.2.rel1-x86_64-arm-none-eabi/bin/../lib/gcc/arm-none-eabi/15.2.1/../../../../arm-none-eabi/lib/thumb/v8-m.main/nofp/libc_nano.a(libc_a-makebuf.o)
 .ARM.attributes
                0x00000820       0x32 /home/school/arm-gnu-toolchain-15.2.rel1-x86_64-arm-none-eabi/bin/../lib/gcc/arm-none-eabi/15.2.1/../../../../arm-none-eabi/lib/thumb/v8-m.main/nofp/libc_nano.a(libc_a-refill.o)
 .ARM.attributes
                0x00000852       0x32 /home/school/arm-gnu-toolchain-15.2.rel1-x86_64-arm-none-eabi/bin/../lib/gcc/arm-none-eabi/15.2.1/../../../../arm-none-eabi/lib/thumb/v8-m.main/nofp/libc_nano.a(libc_a-fstatr.o)
 .ARM.attributes
                0x00000884       0x32 /home/school/arm-gnu-toolchain-15.2.rel1-x86_64-arm-none-eabi/bin/../lib/gcc/arm-none-eabi/15.2.1/../../../../arm-none-eabi/lib/thumb/v8-m.main/nofp/libc_nano.a(libc_a-isattyr.o)
 .ARM.attributes
                0x000008b6       0x32 /home/school/arm-gnu-toolchain-15.2.rel1-x86_64-arm-none-eabi/bin/../lib/gcc/arm-none-eabi/15.2.1/../../../../arm-none-eabi/lib/thumb/v8-m.main/nofp/libnosys.a(_exit.o)
 .ARM.attributes
                0x000008e8       0x32 /home/school/arm-gnu-toolchain-15.2.rel1-x86_64-arm-none-eabi/bin/../lib/gcc/arm-none-eabi/15.2.1/thumb/v8-m.main/nofp/crtend.o
 .ARM.attributes
                0x0000091a       0x22 /home/school/arm-gnu-toolchain-15.2.rel1-x86_64-arm-none-eabi/bin/../lib/gcc/arm-none-eabi/15.2.1/thumb/v8-m.main/nofp/crtn.o
                0x00000001                        ASSERT ((__StackLimit >= __HeapLimit), region m_data overflowed with stack and heap)
OUTPUT(template.elf elf32-littlearm)
LOAD linker stubs

.debug_line_str
                0x00000000      0x1a4
 .debug_line_str
                0x00000000      0x1a4 /home/school/arm-gnu-toolchain-15.2.rel1-x86_64-arm-none-eabi/bin/../lib/gcc/arm-none-eabi/15.2.1/../../../../arm-none-eabi/lib/thumb/v8-m.main/nofp/crt0.o
                                 0xd0 (size before relaxing)
 .debug_line_str
                0x000001a4        0x0 CMakeFiles/template.elf.dir/devices/MCX/MCXA/MCXA153/gcc/startup_MCXA153.S.obj
                                 0x83 (size before relaxing)
 .debug_line_str
                0x000001a4        0x0 CMakeFiles/template.elf.dir/components/misc_utilities/fsl_memcpy.S.obj
                                 0x7b (size before relaxing)

.debug_info     0x00000000     0x442a
 .debug_info    0x00000000      0xc03 CMakeFiles/template.elf.dir/devices/MCX/MCXA/MCXA153/system_MCXA153.c.obj
 .debug_info    0x00000c03      0x838 CMakeFiles/template.elf.dir/devices/MCX/MCXA/MCXA153/gcc/startup_MCXA153.S.obj
 .debug_info    0x0000143b      0x4eb CMakeFiles/template.elf.dir/components/misc_utilities/fsl_syscall_stub.c.obj
 .debug_info    0x00001926      0x124 CMakeFiles/template.elf.dir/components/misc_utilities/fsl_sbrk.c.obj
 .debug_info    0x00001a4a       0x25 CMakeFiles/template.elf.dir/components/misc_utilities/fsl_memcpy.S.obj
 .debug_info    0x00001a6f      0x710 CMakeFiles/template.elf.dir/examples/_boards/frdmmcxa153/ese_common/leds/leds.c.obj
 .debug_info    0x0000217f      0xdfd CMakeFiles/template.elf.dir/examples/_boards/frdmmcxa153/ese_common/switches/switches.c.obj
 .debug_info    0x00002f7c      0xedd CMakeFiles/template.elf.dir/examples/_boards/frdmmcxa153/ese_common/serial/serial.c.obj
 .debug_info    0x00003e59      0x153 CMakeFiles/template.elf.dir/examples/_boards/frdmmcxa153/ese_common/serial/retarget.c.obj
 .debug_info    0x00003fac      0x152 CMakeFiles/template.elf.dir/examples/ese_examples/general/template/main.c.obj
 .debug_info    0x000040fe      0x32c CMakeFiles/template.elf.dir/examples/ese_common/fifo/fifo.c.obj

.debug_abbrev   0x00000000      0xc6e
 .debug_abbrev  0x00000000      0x175 CMakeFiles/template.elf.dir/devices/MCX/MCXA/MCXA153/system_MCXA153.c.obj
 .debug_abbrev  0x00000175       0x26 CMakeFiles/template.elf.dir/devices/MCX/MCXA/MCXA153/gcc/startup_MCXA153.S.obj
 .debug_abbrev  0x0000019b      0x10d CMakeFiles/template.elf.dir/components/misc_utilities/fsl_syscall_stub.c.obj
 .debug_abbrev  0x000002a8       0xd8 CMakeFiles/template.elf.dir/components/misc_utilities/fsl_sbrk.c.obj
 .debug_abbrev  0x00000380       0x14 CMakeFiles/template.elf.dir/components/misc_utilities/fsl_memcpy.S.obj
 .debug_abbrev  0x00000394       0xb7 CMakeFiles/template.elf.dir/examples/_boards/frdmmcxa153/ese_common/leds/leds.c.obj
 .debug_abbrev  0x0000044b      0x1ec CMakeFiles/template.elf.dir/examples/_boards/frdmmcxa153/ese_common/switches/switches.c.obj
 .debug_abbrev  0x00000637      0x277 CMakeFiles/template.elf.dir/examples/_boards/frdmmcxa153/ese_common/serial/serial.c.obj
 .debug_abbrev  0x000008ae       0xf0 CMakeFiles/template.elf.dir/examples/_boards/frdmmcxa153/ese_common/serial/retarget.c.obj
 .debug_abbrev  0x0000099e       0xe6 CMakeFiles/template.elf.dir/examples/ese_examples/general/template/main.c.obj
 .debug_abbrev  0x00000a84      0x1ea CMakeFiles/template.elf.dir/examples/ese_common/fifo/fifo.c.obj

.debug_aranges  0x00000000      0x2a0
 .debug_aranges
                0x00000000       0x30 CMakeFiles/template.elf.dir/devices/MCX/MCXA/MCXA153/system_MCXA153.c.obj
 .debug_aranges
                0x00000030       0x20 CMakeFiles/template.elf.dir/devices/MCX/MCXA/MCXA153/gcc/startup_MCXA153.S.obj
 .debug_aranges
                0x00000050       0x78 CMakeFiles/template.elf.dir/components/misc_utilities/fsl_syscall_stub.c.obj
 .debug_aranges
                0x000000c8       0x20 CMakeFiles/template.elf.dir/components/misc_utilities/fsl_sbrk.c.obj
 .debug_aranges
                0x000000e8       0x20 CMakeFiles/template.elf.dir/components/misc_utilities/fsl_memcpy.S.obj
 .debug_aranges
                0x00000108       0x68 CMakeFiles/template.elf.dir/examples/_boards/frdmmcxa153/ese_common/leds/leds.c.obj
 .debug_aranges
                0x00000170       0x58 CMakeFiles/template.elf.dir/examples/_boards/frdmmcxa153/ese_common/switches/switches.c.obj
 .debug_aranges
                0x000001c8       0x58 CMakeFiles/template.elf.dir/examples/_boards/frdmmcxa153/ese_common/serial/serial.c.obj
 .debug_aranges
                0x00000220       0x28 CMakeFiles/template.elf.dir/examples/_boards/frdmmcxa153/ese_common/serial/retarget.c.obj
 .debug_aranges
                0x00000248       0x20 CMakeFiles/template.elf.dir/examples/ese_examples/general/template/main.c.obj
 .debug_aranges
                0x00000268       0x38 CMakeFiles/template.elf.dir/examples/ese_common/fifo/fifo.c.obj

.debug_rnglists
                0x00000000      0x1a0
 .debug_rnglists
                0x00000000       0x20 CMakeFiles/template.elf.dir/devices/MCX/MCXA/MCXA153/system_MCXA153.c.obj
 .debug_rnglists
                0x00000020       0x55 CMakeFiles/template.elf.dir/components/misc_utilities/fsl_syscall_stub.c.obj
 .debug_rnglists
                0x00000075       0x13 CMakeFiles/template.elf.dir/components/misc_utilities/fsl_sbrk.c.obj
 .debug_rnglists
                0x00000088       0x49 CMakeFiles/template.elf.dir/examples/_boards/frdmmcxa153/ese_common/leds/leds.c.obj
 .debug_rnglists
                0x000000d1       0x3e CMakeFiles/template.elf.dir/examples/_boards/frdmmcxa153/ese_common/switches/switches.c.obj
 .debug_rnglists
                0x0000010f       0x3f CMakeFiles/template.elf.dir/examples/_boards/frdmmcxa153/ese_common/serial/serial.c.obj
 .debug_rnglists
                0x0000014e       0x19 CMakeFiles/template.elf.dir/examples/_boards/frdmmcxa153/ese_common/serial/retarget.c.obj
 .debug_rnglists
                0x00000167       0x14 CMakeFiles/template.elf.dir/examples/ese_examples/general/template/main.c.obj
 .debug_rnglists
                0x0000017b       0x25 CMakeFiles/template.elf.dir/examples/ese_common/fifo/fifo.c.obj

.debug_line     0x00000000     0x1fb8
 .debug_line    0x00000000      0x317 CMakeFiles/template.elf.dir/devices/MCX/MCXA/MCXA153/system_MCXA153.c.obj
 .debug_line    0x00000317      0x23d CMakeFiles/template.elf.dir/devices/MCX/MCXA/MCXA153/gcc/startup_MCXA153.S.obj
 .debug_line    0x00000554      0x31d CMakeFiles/template.elf.dir/components/misc_utilities/fsl_syscall_stub.c.obj
 .debug_line    0x00000871      0x206 CMakeFiles/template.elf.dir/components/misc_utilities/fsl_sbrk.c.obj
 .debug_line    0x00000a77       0x88 CMakeFiles/template.elf.dir/components/misc_utilities/fsl_memcpy.S.obj
 .debug_line    0x00000aff      0x305 CMakeFiles/template.elf.dir/examples/_boards/frdmmcxa153/ese_common/leds/leds.c.obj
 .debug_line    0x00000e04      0x433 CMakeFiles/template.elf.dir/examples/_boards/frdmmcxa153/ese_common/switches/switches.c.obj
 .debug_line    0x00001237      0x4b1 CMakeFiles/template.elf.dir/examples/_boards/frdmmcxa153/ese_common/serial/serial.c.obj
 .debug_line    0x000016e8      0x16e CMakeFiles/template.elf.dir/examples/_boards/frdmmcxa153/ese_common/serial/retarget.c.obj
 .debug_line    0x00001856      0x34e CMakeFiles/template.elf.dir/examples/ese_examples/general/template/main.c.obj
 .debug_line    0x00001ba4      0x414 CMakeFiles/template.elf.dir/examples/ese_common/fifo/fifo.c.obj

.debug_str      0x00000000     0x28d0
 .debug_str     0x00000000     0x28d0 CMakeFiles/template.elf.dir/devices/MCX/MCXA/MCXA153/system_MCXA153.c.obj
                                0x7ee (size before relaxing)
 .debug_str     0x000028d0        0x0 CMakeFiles/template.elf.dir/devices/MCX/MCXA/MCXA153/gcc/startup_MCXA153.S.obj
                               0x1026 (size before relaxing)
 .debug_str     0x000028d0        0x0 CMakeFiles/template.elf.dir/components/misc_utilities/fsl_syscall_stub.c.obj
                                0x3a6 (size before relaxing)
 .debug_str     0x000028d0        0x0 CMakeFiles/template.elf.dir/components/misc_utilities/fsl_sbrk.c.obj
                                0x226 (size before relaxing)
 .debug_str     0x000028d0        0x0 CMakeFiles/template.elf.dir/components/misc_utilities/fsl_memcpy.S.obj
                                 0x89 (size before relaxing)
 .debug_str     0x000028d0        0x0 CMakeFiles/template.elf.dir/examples/_boards/frdmmcxa153/ese_common/leds/leds.c.obj
                                0x76c (size before relaxing)
 .debug_str     0x000028d0        0x0 CMakeFiles/template.elf.dir/examples/_boards/frdmmcxa153/ese_common/switches/switches.c.obj
                                0xe74 (size before relaxing)
 .debug_str     0x000028d0        0x0 CMakeFiles/template.elf.dir/examples/_boards/frdmmcxa153/ese_common/serial/serial.c.obj
                                0xee2 (size before relaxing)
 .debug_str     0x000028d0        0x0 CMakeFiles/template.elf.dir/examples/_boards/frdmmcxa153/ese_common/serial/retarget.c.obj
                                0x212 (size before relaxing)
 .debug_str     0x000028d0        0x0 CMakeFiles/template.elf.dir/examples/ese_examples/general/template/main.c.obj
                                0x26f (size before relaxing)
 .debug_str     0x000028d0        0x0 CMakeFiles/template.elf.dir/examples/ese_common/fifo/fifo.c.obj
                                0x284 (size before relaxing)

.comment        0x00000000       0x45
 .comment       0x00000000       0x45 CMakeFiles/template.elf.dir/devices/MCX/MCXA/MCXA153/system_MCXA153.c.obj
                                 0x46 (size before relaxing)
 .comment       0x00000045        0x0 CMakeFiles/template.elf.dir/components/misc_utilities/fsl_syscall_stub.c.obj
                                 0x46 (size before relaxing)
 .comment       0x00000045        0x0 CMakeFiles/template.elf.dir/components/misc_utilities/fsl_sbrk.c.obj
                                 0x46 (size before relaxing)
 .comment       0x00000045        0x0 CMakeFiles/template.elf.dir/examples/_boards/frdmmcxa153/ese_common/leds/leds.c.obj
                                 0x46 (size before relaxing)
 .comment       0x00000045        0x0 CMakeFiles/template.elf.dir/examples/_boards/frdmmcxa153/ese_common/switches/switches.c.obj
                                 0x46 (size before relaxing)
 .comment       0x00000045        0x0 CMakeFiles/template.elf.dir/examples/_boards/frdmmcxa153/ese_common/serial/serial.c.obj
                                 0x46 (size before relaxing)
 .comment       0x00000045        0x0 CMakeFiles/template.elf.dir/examples/_boards/frdmmcxa153/ese_common/serial/retarget.c.obj
                                 0x46 (size before relaxing)
 .comment       0x00000045        0x0 CMakeFiles/template.elf.dir/examples/ese_examples/general/template/main.c.obj
                                 0x46 (size before relaxing)
 .comment       0x00000045        0x0 CMakeFiles/template.elf.dir/examples/ese_common/fifo/fifo.c.obj
                                 0x46 (size before relaxing)

.debug_frame    0x00000000     0x1064
 .debug_frame   0x00000000       0x74 CMakeFiles/template.elf.dir/devices/MCX/MCXA/MCXA153/system_MCXA153.c.obj
 .debug_frame   0x00000074      0x1b8 CMakeFiles/template.elf.dir/components/misc_utilities/fsl_syscall_stub.c.obj
 .debug_frame   0x0000022c       0x34 CMakeFiles/template.elf.dir/components/misc_utilities/fsl_sbrk.c.obj
 .debug_frame   0x00000260      0x150 CMakeFiles/template.elf.dir/examples/_boards/frdmmcxa153/ese_common/leds/leds.c.obj
 .debug_frame   0x000003b0      0x11c CMakeFiles/template.elf.dir/examples/_boards/frdmmcxa153/ese_common/switches/switches.c.obj
 .debug_frame   0x000004cc      0x134 CMakeFiles/template.elf.dir/examples/_boards/frdmmcxa153/ese_common/serial/serial.c.obj
 .debug_frame   0x00000600       0x58 CMakeFiles/template.elf.dir/examples/_boards/frdmmcxa153/ese_common/serial/retarget.c.obj
 .debug_frame   0x00000658       0x30 CMakeFiles/template.elf.dir/examples/ese_examples/general/template/main.c.obj
 .debug_frame   0x00000688       0xa8 CMakeFiles/template.elf.dir/examples/ese_common/fifo/fifo.c.obj
 .debug_frame   0x00000730       0x28 /home/school/arm-gnu-toolchain-15.2.rel1-x86_64-arm-none-eabi/bin/../lib/gcc/arm-none-eabi/15.2.1/../../../../arm-none-eabi/lib/thumb/v8-m.main/nofp/libc_nano.a(libc_a-exit.o)
 .debug_frame   0x00000758      0x144 /home/school/arm-gnu-toolchain-15.2.rel1-x86_64-arm-none-eabi/bin/../lib/gcc/arm-none-eabi/15.2.1/../../../../arm-none-eabi/lib/thumb/v8-m.main/nofp/libc_nano.a(libc_a-findfp.o)
 .debug_frame   0x0000089c       0x34 /home/school/arm-gnu-toolchain-15.2.rel1-x86_64-arm-none-eabi/bin/../lib/gcc/arm-none-eabi/15.2.1/../../../../arm-none-eabi/lib/thumb/v8-m.main/nofp/libc_nano.a(libc_a-fwalk.o)
 .debug_frame   0x000008d0       0x30 /home/school/arm-gnu-toolchain-15.2.rel1-x86_64-arm-none-eabi/bin/../lib/gcc/arm-none-eabi/15.2.1/../../../../arm-none-eabi/lib/thumb/v8-m.main/nofp/libc_nano.a(libc_a-getchar.o)
 .debug_frame   0x00000900       0x6c /home/school/arm-gnu-toolchain-15.2.rel1-x86_64-arm-none-eabi/bin/../lib/gcc/arm-none-eabi/15.2.1/../../../../arm-none-eabi/lib/thumb/v8-m.main/nofp/libc_nano.a(libc_a-printf.o)
 .debug_frame   0x0000096c       0x88 /home/school/arm-gnu-toolchain-15.2.rel1-x86_64-arm-none-eabi/bin/../lib/gcc/arm-none-eabi/15.2.1/../../../../arm-none-eabi/lib/thumb/v8-m.main/nofp/libc_nano.a(libc_a-stdio.o)
 .debug_frame   0x000009f4       0x20 /home/school/arm-gnu-toolchain-15.2.rel1-x86_64-arm-none-eabi/bin/../lib/gcc/arm-none-eabi/15.2.1/../../../../arm-none-eabi/lib/thumb/v8-m.main/nofp/libc_nano.a(libc_a-memset.o)
 .debug_frame   0x00000a14       0x2c /home/school/arm-gnu-toolchain-15.2.rel1-x86_64-arm-none-eabi/bin/../lib/gcc/arm-none-eabi/15.2.1/../../../../arm-none-eabi/lib/thumb/v8-m.main/nofp/libc_nano.a(libc_a-closer.o)
 .debug_frame   0x00000a40       0x38 /home/school/arm-gnu-toolchain-15.2.rel1-x86_64-arm-none-eabi/bin/../lib/gcc/arm-none-eabi/15.2.1/../../../../arm-none-eabi/lib/thumb/v8-m.main/nofp/libc_nano.a(libc_a-reent.o)
 .debug_frame   0x00000a78       0x2c /home/school/arm-gnu-toolchain-15.2.rel1-x86_64-arm-none-eabi/bin/../lib/gcc/arm-none-eabi/15.2.1/../../../../arm-none-eabi/lib/thumb/v8-m.main/nofp/libc_nano.a(libc_a-lseekr.o)
 .debug_frame   0x00000aa4       0x2c /home/school/arm-gnu-toolchain-15.2.rel1-x86_64-arm-none-eabi/bin/../lib/gcc/arm-none-eabi/15.2.1/../../../../arm-none-eabi/lib/thumb/v8-m.main/nofp/libc_nano.a(libc_a-readr.o)
 .debug_frame   0x00000ad0       0x2c /home/school/arm-gnu-toolchain-15.2.rel1-x86_64-arm-none-eabi/bin/../lib/gcc/arm-none-eabi/15.2.1/../../../../arm-none-eabi/lib/thumb/v8-m.main/nofp/libc_nano.a(libc_a-writer.o)
 .debug_frame   0x00000afc       0x20 /home/school/arm-gnu-toolchain-15.2.rel1-x86_64-arm-none-eabi/bin/../lib/gcc/arm-none-eabi/15.2.1/../../../../arm-none-eabi/lib/thumb/v8-m.main/nofp/libc_nano.a(libc_a-errno.o)
 .debug_frame   0x00000b1c       0x2c /home/school/arm-gnu-toolchain-15.2.rel1-x86_64-arm-none-eabi/bin/../lib/gcc/arm-none-eabi/15.2.1/../../../../arm-none-eabi/lib/thumb/v8-m.main/nofp/libc_nano.a(libc_a-init.o)
 .debug_frame   0x00000b48       0xb0 /home/school/arm-gnu-toolchain-15.2.rel1-x86_64-arm-none-eabi/bin/../lib/gcc/arm-none-eabi/15.2.1/../../../../arm-none-eabi/lib/thumb/v8-m.main/nofp/libc_nano.a(libc_a-lock.o)
 .debug_frame   0x00000bf8       0x38 /home/school/arm-gnu-toolchain-15.2.rel1-x86_64-arm-none-eabi/bin/../lib/gcc/arm-none-eabi/15.2.1/../../../../arm-none-eabi/lib/thumb/v8-m.main/nofp/libc_nano.a(libc_a-freer.o)
 .debug_frame   0x00000c30       0x50 /home/school/arm-gnu-toolchain-15.2.rel1-x86_64-arm-none-eabi/bin/../lib/gcc/arm-none-eabi/15.2.1/../../../../arm-none-eabi/lib/thumb/v8-m.main/nofp/libc_nano.a(libc_a-mallocr.o)
 .debug_frame   0x00000c80       0x30 /home/school/arm-gnu-toolchain-15.2.rel1-x86_64-arm-none-eabi/bin/../lib/gcc/arm-none-eabi/15.2.1/../../../../arm-none-eabi/lib/thumb/v8-m.main/nofp/libc_nano.a(libc_a-mlock.o)
 .debug_frame   0x00000cb0       0xa8 /home/school/arm-gnu-toolchain-15.2.rel1-x86_64-arm-none-eabi/bin/../lib/gcc/arm-none-eabi/15.2.1/../../../../arm-none-eabi/lib/thumb/v8-m.main/nofp/libc_nano.a(libc_a-nano-vfprintf.o)
 .debug_frame   0x00000d58       0x60 /home/school/arm-gnu-toolchain-15.2.rel1-x86_64-arm-none-eabi/bin/../lib/gcc/arm-none-eabi/15.2.1/../../../../arm-none-eabi/lib/thumb/v8-m.main/nofp/libc_nano.a(libc_a-nano-vfprintf_i.o)
 .debug_frame   0x00000db8       0x5c /home/school/arm-gnu-toolchain-15.2.rel1-x86_64-arm-none-eabi/bin/../lib/gcc/arm-none-eabi/15.2.1/../../../../arm-none-eabi/lib/thumb/v8-m.main/nofp/libc_nano.a(libc_a-fflush.o)
 .debug_frame   0x00000e14       0x48 /home/school/arm-gnu-toolchain-15.2.rel1-x86_64-arm-none-eabi/bin/../lib/gcc/arm-none-eabi/15.2.1/../../../../arm-none-eabi/lib/thumb/v8-m.main/nofp/libc_nano.a(libc_a-getc.o)
 .debug_frame   0x00000e5c       0x3c /home/school/arm-gnu-toolchain-15.2.rel1-x86_64-arm-none-eabi/bin/../lib/gcc/arm-none-eabi/15.2.1/../../../../arm-none-eabi/lib/thumb/v8-m.main/nofp/libc_nano.a(libc_a-rget.o)
 .debug_frame   0x00000e98       0x40 /home/school/arm-gnu-toolchain-15.2.rel1-x86_64-arm-none-eabi/bin/../lib/gcc/arm-none-eabi/15.2.1/../../../../arm-none-eabi/lib/thumb/v8-m.main/nofp/libc_nano.a(libc_a-wbuf.o)
 .debug_frame   0x00000ed8       0x2c /home/school/arm-gnu-toolchain-15.2.rel1-x86_64-arm-none-eabi/bin/../lib/gcc/arm-none-eabi/15.2.1/../../../../arm-none-eabi/lib/thumb/v8-m.main/nofp/libc_nano.a(libc_a-wsetup.o)
 .debug_frame   0x00000f04       0x2c /home/school/arm-gnu-toolchain-15.2.rel1-x86_64-arm-none-eabi/bin/../lib/gcc/arm-none-eabi/15.2.1/../../../../arm-none-eabi/lib/thumb/v8-m.main/nofp/libc_nano.a(libc_a-sbrkr.o)
 .debug_frame   0x00000f30       0x28 /home/school/arm-gnu-toolchain-15.2.rel1-x86_64-arm-none-eabi/bin/../lib/gcc/arm-none-eabi/15.2.1/../../../../arm-none-eabi/lib/thumb/v8-m.main/nofp/libc_nano.a(libc_a-memchr-stub.o)
 .debug_frame   0x00000f58       0x58 /home/school/arm-gnu-toolchain-15.2.rel1-x86_64-arm-none-eabi/bin/../lib/gcc/arm-none-eabi/15.2.1/../../../../arm-none-eabi/lib/thumb/v8-m.main/nofp/libc_nano.a(libc_a-makebuf.o)
 .debug_frame   0x00000fb0       0x3c /home/school/arm-gnu-toolchain-15.2.rel1-x86_64-arm-none-eabi/bin/../lib/gcc/arm-none-eabi/15.2.1/../../../../arm-none-eabi/lib/thumb/v8-m.main/nofp/libc_nano.a(libc_a-refill.o)
 .debug_frame   0x00000fec       0x2c /home/school/arm-gnu-toolchain-15.2.rel1-x86_64-arm-none-eabi/bin/../lib/gcc/arm-none-eabi/15.2.1/../../../../arm-none-eabi/lib/thumb/v8-m.main/nofp/libc_nano.a(libc_a-fstatr.o)
 .debug_frame   0x00001018       0x2c /home/school/arm-gnu-toolchain-15.2.rel1-x86_64-arm-none-eabi/bin/../lib/gcc/arm-none-eabi/15.2.1/../../../../arm-none-eabi/lib/thumb/v8-m.main/nofp/libc_nano.a(libc_a-isattyr.o)
 .debug_frame   0x00001044       0x20 /home/school/arm-gnu-toolchain-15.2.rel1-x86_64-arm-none-eabi/bin/../lib/gcc/arm-none-eabi/15.2.1/../../../../arm-none-eabi/lib/thumb/v8-m.main/nofp/libnosys.a(_exit.o)
